============================= test session starts =============================
platform win32 -- Python 3.12.3, pytest-9.0.3, pluggy-1.6.0 -- C:\Program Files\Python312\python.exe
cachedir: .pytest_cache
hypothesis profile 'default'
rootdir: C:\Users\thang\Desktop\Agentic-AI
configfile: pyproject.toml
testpaths: tests/unit, tests/integration
plugins: anyio-4.9.0, langsmith-0.4.8, hypothesis-6.152.7, asyncio-1.3.0, cov-7.1.0
asyncio: mode=Mode.AUTO, debug=False, asyncio_default_fixture_loop_scope=None, asyncio_default_test_loop_scope=function
collecting ... collected 3444 items

tests/unit/compression/test_adaptive.py::TestAdaptivePruner::test_name PASSED [  0%]
tests/unit/compression/test_adaptive.py::TestAdaptivePruner::test_should_not_prune_young_item PASSED [  0%]
tests/unit/compression/test_adaptive.py::TestAdaptivePruner::test_should_not_prune_frequently_accessed PASSED [  0%]
tests/unit/compression/test_adaptive.py::TestAdaptivePruner::test_should_prune_old_unaccessed PASSED [  0%]
tests/unit/compression/test_adaptive.py::TestAdaptivePruner::test_should_not_prune_deleted PASSED [  0%]
tests/unit/compression/test_adaptive.py::TestAdaptivePruner::test_should_not_prune_no_compress PASSED [  0%]
tests/unit/compression/test_adaptive.py::TestAdaptivePruner::test_get_prune_metadata PASSED [  0%]
tests/unit/compression/test_adaptive.py::TestAdaptivePruner::test_get_prune_metadata_returns_none_for_non_pruneable PASSED [  0%]
tests/unit/compression/test_adaptive.py::TestAdaptivePruner::test_short_pruner_prunes_quicker PASSED [  0%]
tests/unit/compression/test_adaptive.py::TestAdaptivePruner::test_compress_returns_original PASSED [  0%]
tests/unit/compression/test_adaptive.py::TestAdaptivePruner::test_decompress_returns_content PASSED [  0%]
tests/unit/compression/test_adaptive.py::TestAdaptivePrunerEdgeCases::test_zero_access_count PASSED [  0%]
tests/unit/compression/test_adaptive.py::TestAdaptivePrunerEdgeCases::test_boundary_age PASSED [  0%]
tests/unit/compression/test_cache.py::TestDecompressionCache::test_get_missing_key_returns_none PASSED [  0%]
tests/unit/compression/test_cache.py::TestDecompressionCache::test_set_and_get PASSED [  0%]
tests/unit/compression/test_cache.py::TestDecompressionCache::test_lru_eviction PASSED [  0%]
tests/unit/compression/test_cache.py::TestDecompressionCache::test_ttl_expiration PASSED [  0%]
tests/unit/compression/test_cache.py::TestDecompressionCache::test_update_existing_key PASSED [  0%]
tests/unit/compression/test_cache.py::TestDecompressionCache::test_invalidate_existing_key PASSED [  0%]
tests/unit/compression/test_cache.py::TestDecompressionCache::test_invalidate_missing_key PASSED [  0%]
tests/unit/compression/test_cache.py::TestDecompressionCache::test_clear_cache PASSED [  0%]
tests/unit/compression/test_cache.py::TestDecompressionCache::test_hit_rate_empty PASSED [  0%]
tests/unit/compression/test_cache.py::TestDecompressionCache::test_hit_rate_calculation PASSED [  0%]
tests/unit/compression/test_cache.py::TestDecompressionCache::test_move_to_end_on_access PASSED [  0%]
tests/unit/compression/test_cache.py::TestDecompressionCache::test_get_stats PASSED [  0%]
tests/unit/compression/test_cache.py::TestDecompressionCacheEdgeCases::test_empty_string_value PASSED [  0%]
tests/unit/compression/test_cache.py::TestDecompressionCacheEdgeCases::test_none_value PASSED [  0%]
tests/unit/compression/test_cache.py::TestDecompressionCacheEdgeCases::test_unicode_content PASSED [  0%]
tests/unit/compression/test_cache.py::TestDecompressionCacheEdgeCases::test_large_content PASSED [  0%]
tests/unit/compression/test_cache.py::TestDecompressionCacheEdgeCases::test_thread_safety PASSED [  0%]
tests/unit/compression/test_engine.py::TestCompressionEngine::test_initialization PASSED [  0%]
tests/unit/compression/test_engine.py::TestCompressionEngine::test_get_strategy PASSED [  0%]
tests/unit/compression/test_engine.py::TestCompressionEngine::test_get_unknown_strategy PASSED [  0%]
tests/unit/compression/test_engine.py::TestCompressionEngine::test_register_strategy PASSED [  0%]
tests/unit/compression/test_engine.py::TestCompressionEngine::test_compress_item_not_found PASSED [  1%]
tests/unit/compression/test_engine.py::TestCompressionEngine::test_compress_item_no_compress_flag PASSED [  1%]
tests/unit/compression/test_engine.py::TestCompressionEngine::test_compress_item_already_compressed PASSED [  1%]
tests/unit/compression/test_engine.py::TestCompressionEngine::test_mark_no_compress PASSED [  1%]
tests/unit/compression/test_engine.py::TestCompressionEngine::test_get_stats PASSED [  1%]
tests/unit/compression/test_engine.py::TestCompressionEngine::test_decompress_item_not_found PASSED [  1%]
tests/unit/compression/test_engine.py::TestCompressionEngineBatch::test_compress_batch_no_db PASSED [  1%]
tests/unit/compression/test_extractive.py::TestExtractiveSummarizer::test_name PASSED [  1%]
tests/unit/compression/test_extractive.py::TestExtractiveSummarizer::test_split_sentences PASSED [  1%]
tests/unit/compression/test_extractive.py::TestExtractiveSummarizer::test_short_content_unchanged PASSED [  1%]
tests/unit/compression/test_extractive.py::TestExtractiveSummarizer::test_no_embedding_service_returns_unchanged PASSED [  1%]
tests/unit/compression/test_extractive.py::TestExtractiveSummarizer::test_compression_with_mock PASSED [  1%]
tests/unit/compression/test_extractive.py::TestExtractiveSummarizer::test_mmr_selection PASSED [  1%]
tests/unit/compression/test_extractive.py::TestExtractiveSummarizer::test_cosine_similarity PASSED [  1%]
tests/unit/compression/test_extractive.py::TestExtractiveSummarizer::test_metadata_params PASSED [  1%]
tests/unit/compression/test_extractive.py::TestExtractiveSummarizer::test_decompression_returns_content PASSED [  1%]
tests/unit/compression/test_extractive.py::TestExtractiveSummarizerEdgeCases::test_empty_content PASSED [  1%]
tests/unit/compression/test_extractive.py::TestExtractiveSummarizerEdgeCases::test_single_sentence PASSED [  1%]
tests/unit/compression/test_extractive.py::TestExtractiveSummarizerEdgeCases::test_special_characters PASSED [  1%]
tests/unit/compression/test_keyvalue.py::TestKeyValueCompactor::test_name PASSED [  1%]
tests/unit/compression/test_keyvalue.py::TestKeyValueCompactor::test_json_object_compression PASSED [  1%]
tests/unit/compression/test_keyvalue.py::TestKeyValueCompactor::test_field_scoring PASSED [  1%]
tests/unit/compression/test_keyvalue.py::TestKeyValueCompactor::test_non_json_returns_unchanged PASSED [  1%]
tests/unit/compression/test_keyvalue.py::TestKeyValueCompactor::test_json_array_returns_unchanged PASSED [  1%]
tests/unit/compression/test_keyvalue.py::TestKeyValueCompactor::test_empty_object_returns_unchanged PASSED [  1%]
tests/unit/compression/test_keyvalue.py::TestKeyValueCompactor::test_metadata_params PASSED [  1%]
tests/unit/compression/test_keyvalue.py::TestKeyValueCompactor::test_strict_compactor_keeps_less PASSED [  1%]
tests/unit/compression/test_keyvalue.py::TestKeyValueCompactor::test_decompression_returns_content PASSED [  1%]
tests/unit/compression/test_keyvalue.py::TestKeyValueCompactor::test_hash_preserved PASSED [  1%]
tests/unit/compression/test_keyvalue.py::TestKeyValueCompactor::test_nested_object_scoring PASSED [  1%]
tests/unit/compression/test_truncation.py::TestTruncationCompressor::test_name PASSED [  1%]
tests/unit/compression/test_truncation.py::TestTruncationCompressor::test_short_content_unchanged PASSED [  1%]
tests/unit/compression/test_truncation.py::TestTruncationCompressor::test_long_content_truncated PASSED [  1%]
tests/unit/compression/test_truncation.py::TestTruncationCompressor::test_truncation_keeps_ends PASSED [  1%]
tests/unit/compression/test_truncation.py::TestTruncationCompressor::test_truncation_no_keep_ends PASSED [  2%]
tests/unit/compression/test_truncation.py::TestTruncationCompressor::test_metadata_params PASSED [  2%]
tests/unit/compression/test_truncation.py::TestTruncationCompressor::test_decompression_returns_content PASSED [  2%]
tests/unit/compression/test_truncation.py::TestTruncationCompressor::test_hash_verification PASSED [  2%]
tests/unit/compression/test_truncation.py::TestTruncationCompressor::test_empty_content PASSED [  2%]
tests/unit/compression/test_truncation.py::TestTruncationCompressor::test_exact_max_chars PASSED [  2%]
tests/unit/compression/test_types.py::TestCompressionMetadata::test_creation PASSED [  2%]
tests/unit/compression/test_types.py::TestCompressionMetadata::test_to_dict PASSED [  2%]
tests/unit/compression/test_types.py::TestCompressionMetadata::test_from_dict PASSED [  2%]
tests/unit/compression/test_types.py::TestCompressionMetadata::test_to_json PASSED [  2%]
tests/unit/compression/test_types.py::TestCompressionResult::test_success_result PASSED [  2%]
tests/unit/compression/test_types.py::TestCompressionResult::test_failed_result PASSED [  2%]
tests/unit/compression/test_types.py::TestCompressionResult::test_zero_compressed_length PASSED [  2%]
tests/unit/compression/test_types.py::TestMemoryItem::test_creation PASSED [  2%]
tests/unit/compression/test_types.py::TestMemoryItem::test_to_dict PASSED [  2%]
tests/unit/compression/test_types.py::TestMemoryItem::test_from_dict PASSED [  2%]
tests/unit/compression/test_types.py::TestCacheItem::test_creation PASSED [  2%]
tests/unit/compression/test_types.py::TestCompressionStats::test_creation PASSED [  2%]
tests/unit/compression/test_types.py::TestCompressionStats::test_update_compression PASSED [  2%]
tests/unit/compression/test_types.py::TestCompressionStats::test_cache_hit_rate PASSED [  2%]
tests/unit/compression/test_types.py::TestCompressionStats::test_to_dict PASSED [  2%]
tests/unit/compression/test_worker.py::TestRateLimiter::test_initial_tokens PASSED [  2%]
tests/unit/compression/test_worker.py::TestRateLimiter::test_burst_limit PASSED [  2%]
tests/unit/compression/test_worker.py::TestRateLimiter::test_acquire_with_wait PASSED [  2%]
tests/unit/compression/test_worker.py::TestRateLimiter::test_acquire_timeout PASSED [  2%]
tests/unit/compression/test_worker.py::TestCompressionWorker::test_worker_initialization PASSED [  2%]
tests/unit/compression/test_worker.py::TestCompressionWorker::test_start_stop PASSED [  2%]
tests/unit/compression/test_worker.py::TestCompressionWorker::test_run_once PASSED [  2%]
tests/unit/compression/test_worker.py::TestCompressionWorker::test_get_stats PASSED [  2%]
tests/unit/compression/test_worker.py::TestCompressionWorker::test_shutdown_during_run PASSED [  2%]
tests/unit/compression/test_worker.py::TestCompressionWorkerScan::test_scan_finds_items PASSED [  2%]
tests/unit/compression/test_worker.py::TestCompressionWorkerScan::test_version_mismatch_tracking PASSED [  2%]
tests/unit/phase5b/test_compensation_saga.py::TestSagaCoordinator::test_start_saga PASSED [  2%]
tests/unit/phase5b/test_compensation_saga.py::TestSagaCoordinator::test_record_task_completion PASSED [  2%]
tests/unit/phase5b/test_compensation_saga.py::TestSagaCoordinator::test_fail_saga_creates_compensations PASSED [  2%]
tests/unit/phase5b/test_compensation_saga.py::TestSagaCoordinator::test_saga_compensation_order PASSED [  3%]
tests/unit/phase5b/test_compensation_saga.py::TestSagaCoordinator::test_execute_compensation_success PASSED [  3%]
tests/unit/phase5b/test_compensation_saga.py::TestSagaCoordinator::test_execute_compensation_failure PASSED [  3%]
tests/unit/phase5b/test_compensation_saga.py::TestSagaCoordinator::test_compensation_retry_backoff PASSED [  3%]
tests/unit/phase5b/test_compensation_saga.py::TestSagaCoordinator::test_compensation_dead_letter PASSED [  3%]
tests/unit/phase5b/test_compensation_saga.py::TestSagaCoordinator::test_compensate_saga_full_flow PASSED [  3%]
tests/unit/phase5b/test_compensation_saga.py::TestSagaCoordinator::test_compensate_saga_partial_failure PASSED [  3%]
tests/unit/phase5b/test_compensation_saga.py::TestSagaCoordinator::test_abort_saga PASSED [  3%]
tests/unit/phase5b/test_compensation_saga.py::TestDeadLetterQueue::test_add_to_dlq PASSED [  3%]
tests/unit/phase5b/test_compensation_saga.py::TestDeadLetterQueue::test_get_dlq_entry PASSED [  3%]
tests/unit/phase5b/test_compensation_saga.py::TestDeadLetterQueue::test_get_by_saga PASSED [  3%]
tests/unit/phase5b/test_compensation_saga.py::TestDeadLetterQueue::test_get_unresolved PASSED [  3%]
tests/unit/phase5b/test_compensation_saga.py::TestDeadLetterQueue::test_resolve_entry PASSED [  3%]
tests/unit/phase5b/test_compensation_saga.py::TestDeadLetterQueue::test_retry_entry PASSED [  3%]
tests/unit/phase5b/test_compensation_saga.py::TestDeadLetterQueue::test_discard_entry PASSED [  3%]
tests/unit/phase5b/test_compensation_saga.py::TestCompensationManager::test_handle_activity_failure PASSED [  3%]
tests/unit/phase5b/test_compensation_saga.py::TestCompensationManager::test_run_compensation PASSED [  3%]
tests/unit/phase5b/test_compensation_saga.py::TestRetryPolicies::test_exponential_backoff PASSED [  3%]
tests/unit/phase5b/test_compensation_saga.py::TestRetryPolicies::test_linear_backoff PASSED [  3%]
tests/unit/phase5b/test_compensation_saga.py::TestRetryPolicies::test_fixed_backoff PASSED [  3%]
tests/unit/phase5b/test_compensation_saga.py::TestRetryPolicies::test_max_delay_cap PASSED [  3%]
tests/unit/phase5b/test_condition_evaluator.py::TestSandboxWhitelist::test_comparison_operators_allowed PASSED [  3%]
tests/unit/phase5b/test_condition_evaluator.py::TestSandboxWhitelist::test_boolean_operators_allowed PASSED [  3%]
tests/unit/phase5b/test_condition_evaluator.py::TestSandboxWhitelist::test_arithmetic_operators_allowed PASSED [  3%]
tests/unit/phase5b/test_condition_evaluator.py::TestSandboxWhitelist::test_literals_allowed PASSED [  3%]
tests/unit/phase5b/test_condition_evaluator.py::TestSandboxWhitelist::test_context_variables_allowed PASSED [  3%]
tests/unit/phase5b/test_condition_evaluator.py::TestSandboxWhitelist::test_subscript_access_allowed PASSED [  3%]
tests/unit/phase5b/test_condition_evaluator.py::TestSandboxWhitelist::test_dict_get_method_allowed PASSED [  3%]
tests/unit/phase5b/test_condition_evaluator.py::TestSandboxWhitelist::test_eval_blocked PASSED [  3%]
tests/unit/phase5b/test_condition_evaluator.py::TestSandboxWhitelist::test_exec_blocked PASSED [  3%]
tests/unit/phase5b/test_condition_evaluator.py::TestSandboxWhitelist::test_attribute_access_blocked PASSED [  3%]
tests/unit/phase5b/test_condition_evaluator.py::TestSandboxWhitelist::test_function_call_blocked PASSED [  3%]
tests/unit/phase5b/test_condition_evaluator.py::TestSandboxWhitelist::test_lambda_blocked PASSED [  3%]
tests/unit/phase5b/test_condition_evaluator.py::TestSandboxWhitelist::test_list_comprehension_blocked PASSED [  3%]
tests/unit/phase5b/test_condition_evaluator.py::TestSandboxWhitelist::test_dict_comprehension_blocked PASSED [  4%]
tests/unit/phase5b/test_condition_evaluator.py::TestSandboxWhitelist::test_import_blocked PASSED [  4%]
tests/unit/phase5b/test_condition_evaluator.py::TestSandboxWhitelist::test_os_system_blocked PASSED [  4%]
tests/unit/phase5b/test_condition_evaluator.py::TestSandboxWhitelist::test_subprocess_blocked PASSED [  4%]
tests/unit/phase5b/test_condition_evaluator.py::TestBranchDecisionRecording::test_simple_branch_condition PASSED [  4%]
tests/unit/phase5b/test_condition_evaluator.py::TestBranchDecisionRecording::test_complex_branch_condition PASSED [  4%]
tests/unit/phase5b/test_condition_evaluator.py::TestBranchDecisionRecording::test_invalid_branch_condition_lambda PASSED [  4%]
tests/unit/phase5b/test_condition_evaluator.py::TestBranchDecisionRecording::test_invalid_branch_condition_attribute PASSED [  4%]
tests/unit/phase5b/test_condition_evaluator.py::TestBranchDecisionRecording::test_nested_subscript_blocked PASSED [  4%]
tests/unit/phase5b/test_condition_evaluator.py::TestExpressionLimits::test_expression_too_long PASSED [  4%]
tests/unit/phase5b/test_condition_evaluator.py::TestExpressionLimits::test_expression_at_limit PASSED [  4%]
tests/unit/phase5b/test_condition_evaluator.py::TestExpressionLimits::test_expression_too_deep PASSED [  4%]
tests/unit/phase5b/test_condition_evaluator.py::TestExpressionLimits::test_max_depth_validation PASSED [  4%]
tests/unit/phase5b/test_condition_evaluator.py::TestExpressionLimits::test_syntax_error_caught PASSED [  4%]
tests/unit/phase5b/test_condition_evaluator.py::TestExpressionLimits::test_unknown_variable_caught PASSED [  4%]
tests/unit/phase5b/test_condition_evaluator.py::TestExpressionLimits::test_zero_division_caught PASSED [  4%]
tests/unit/phase5b/test_condition_evaluator.py::TestEdgeCases::test_empty_expression PASSED [  4%]
tests/unit/phase5b/test_condition_evaluator.py::TestEdgeCases::test_whitespace_only_expression PASSED [  4%]
tests/unit/phase5b/test_condition_evaluator.py::TestEdgeCases::test_very_long_variable_name PASSED [  4%]
tests/unit/phase5b/test_condition_evaluator.py::TestEdgeCases::test_nested_dict_access PASSED [  4%]
tests/unit/phase5b/test_condition_evaluator.py::TestEdgeCases::test_multiple_conditions PASSED [  4%]
tests/unit/phase5b/test_condition_evaluator.py::TestEdgeCases::test_unary_operators PASSED [  4%]
tests/unit/phase5b/test_condition_evaluator.py::TestEdgeCases::test_parentheses_priority PASSED [  4%]
tests/unit/phase5b/test_deadlock_detector.py::TestDeadlockDetector::test_detect_cycle_none_in_valid_dag PASSED [  4%]
tests/unit/phase5b/test_deadlock_detector.py::TestDeadlockDetector::test_detect_cycle_found_in_cyclic_dag PASSED [  4%]
tests/unit/phase5b/test_deadlock_detector.py::TestDeadlockDetector::test_detect_orphan_task_none_in_valid_dag PASSED [  4%]
tests/unit/phase5b/test_deadlock_detector.py::TestDeadlockDetector::test_detect_orphan_task_found PASSED [  4%]
tests/unit/phase5b/test_deadlock_detector.py::TestDeadlockDetector::test_detect_unreachable_join PASSED [  4%]
tests/unit/phase5b/test_deadlock_detector.py::TestDeadlockDetector::test_detect_deadlock_comprehensive PASSED [  4%]
tests/unit/phase5b/test_deadlock_detector.py::TestDeadlockDetector::test_validate_plan_valid PASSED [  4%]
tests/unit/phase5b/test_deadlock_detector.py::TestDeadlockDetector::test_validate_plan_with_cycle PASSED [  4%]
tests/unit/phase5b/test_deadlock_detector.py::TestDeadlockDetector::test_empty_plan PASSED [  4%]
tests/unit/phase5b/test_deadlock_detector.py::TestDeadlockDetector::test_single_node_plan PASSED [  4%]
tests/unit/phase5b/test_deadlock_detector.py::TestConditionalDeadlockDetector::test_detect_deadlock_with_conditions PASSED [  4%]
tests/unit/phase5b/test_deadlock_detector.py::TestConditionalDeadlockDetector::test_active_nodes_filtering PASSED [  4%]
tests/unit/phase5b/test_deadlock_detector.py::TestConditionalDeadlockDetector::test_get_active_nodes_no_conditions PASSED [  5%]
tests/unit/phase5b/test_deadlock_detector.py::TestParallelBranchDeadlock::test_parallel_branches_valid PASSED [  5%]
tests/unit/phase5b/test_deadlock_detector.py::TestParallelBranchDeadlock::test_missing_dependency PASSED [  5%]
tests/unit/phase5b/test_event_integrity.py::TestHashChainValidator::test_compute_hash_deterministic PASSED [  5%]
tests/unit/phase5b/test_event_integrity.py::TestHashChainValidator::test_compute_hash_different_data PASSED [  5%]
tests/unit/phase5b/test_event_integrity.py::TestHashChainValidator::test_compute_event_hash PASSED [  5%]
tests/unit/phase5b/test_event_integrity.py::TestHashChainValidator::test_verify_event_hash_valid PASSED [  5%]
tests/unit/phase5b/test_event_integrity.py::TestHashChainValidator::test_verify_event_hash_tampered PASSED [  5%]
tests/unit/phase5b/test_event_integrity.py::TestHashChainValidator::test_verify_chain_valid PASSED [  5%]
tests/unit/phase5b/test_event_integrity.py::TestHashChainValidator::test_verify_chain_previous_hash_mismatch PASSED [  5%]
tests/unit/phase5b/test_event_integrity.py::TestHashChainValidator::test_verify_chain_tampered_event PASSED [  5%]
tests/unit/phase5b/test_event_integrity.py::TestHashChainValidator::test_verify_chain_empty PASSED [  5%]
tests/unit/phase5b/test_event_integrity.py::TestHashChainValidator::test_verify_tamper_detection PASSED [  5%]
tests/unit/phase5b/test_event_integrity.py::TestEventIntegrityManager::test_compute_event_chain PASSED [  5%]
tests/unit/phase5b/test_event_integrity.py::TestEventIntegrityManager::test_verify_workflow_chain_valid PASSED [  5%]
tests/unit/phase5b/test_event_integrity.py::TestEventIntegrityManager::test_verify_workflow_chain_tampered PASSED [  5%]
tests/unit/phase5b/test_event_integrity.py::TestEventIntegrityManager::test_verify_workflow_chain_empty PASSED [  5%]
tests/unit/phase5b/test_event_integrity.py::TestEventIntegrityManager::test_verify_and_report PASSED [  5%]
tests/unit/phase5b/test_event_integrity.py::TestEventIntegrityManager::test_is_audit_due PASSED [  5%]
tests/unit/phase5b/test_event_integrity.py::TestDeterministicValueGenerator::test_deterministic_time PASSED [  5%]
tests/unit/phase5b/test_event_integrity.py::TestDeterministicValueGenerator::test_deterministic_random PASSED [  5%]
tests/unit/phase5b/test_event_integrity.py::TestDeterministicValueGenerator::test_deterministic_random_range PASSED [  5%]
tests/unit/phase5b/test_event_integrity.py::TestDeterministicValueGenerator::test_deterministic_uuid PASSED [  5%]
tests/unit/phase5b/test_event_integrity.py::TestDeterministicValueGenerator::test_deterministic_choice PASSED [  5%]
tests/unit/phase5b/test_event_integrity.py::TestDeterministicValueGenerator::test_deterministic_shuffle PASSED [  5%]
tests/unit/phase5b/test_event_integrity.py::TestDeterministicValueGenerator::test_replay_mode_same_values PASSED [  5%]
tests/unit/phase5b/test_event_integrity.py::TestEventStoreWithIntegrity::test_append_event PASSED [  5%]
tests/unit/phase5b/test_event_integrity.py::TestEventStoreWithIntegrity::test_append_multiple_events PASSED [  5%]
tests/unit/phase5b/test_event_integrity.py::TestEventStoreWithIntegrity::test_verify_integrity_valid PASSED [  5%]
tests/unit/phase5b/test_event_integrity.py::TestEventStoreWithIntegrity::test_verify_integrity_tampered PASSED [  5%]
tests/unit/phase5b/test_event_integrity.py::TestReplayDeterminism::test_replay_produces_same_hash_chain PASSED [  5%]
tests/unit/phase5b/test_event_integrity.py::TestReplayDeterminism::test_replay_detects_divergence PASSED [  5%]
tests/unit/phase5b/test_exactly_once.py::TestIdempotencyKeyGenerator::test_generate_consistent_keys PASSED [  5%]
tests/unit/phase5b/test_exactly_once.py::TestIdempotencyKeyGenerator::test_generate_different_keys_different_workflow PASSED [  5%]
tests/unit/phase5b/test_exactly_once.py::TestIdempotencyKeyGenerator::test_generate_different_keys_different_task PASSED [  6%]
tests/unit/phase5b/test_exactly_once.py::TestIdempotencyKeyGenerator::test_generate_different_keys_different_attempt PASSED [  6%]
tests/unit/phase5b/test_exactly_once.py::TestIdempotencyKeyGenerator::test_generate_key_format PASSED [  6%]
tests/unit/phase5b/test_exactly_once.py::TestInMemoryIdempotencyStore::test_save_and_get_record PASSED [  6%]
tests/unit/phase5b/test_exactly_once.py::TestInMemoryIdempotencyStore::test_get_nonexistent_record PASSED [  6%]
tests/unit/phase5b/test_exactly_once.py::TestInMemoryIdempotencyStore::test_update_record PASSED [  6%]
tests/unit/phase5b/test_exactly_once.py::TestInMemoryIdempotencyStore::test_delete_record PASSED [  6%]
tests/unit/phase5b/test_exactly_once.py::TestInMemoryIdempotencyStore::test_get_by_workflow PASSED [  6%]
tests/unit/phase5b/test_exactly_once.py::TestInMemoryIdempotencyStore::test_get_incomplete_records PASSED [  6%]
tests/unit/phase5b/test_exactly_once.py::TestSideEffectRegistry::test_register_side_effect PASSED [  6%]
tests/unit/phase5b/test_exactly_once.py::TestSideEffectRegistry::test_register_different_keys PASSED [  6%]
tests/unit/phase5b/test_exactly_once.py::TestSideEffectRegistry::test_get_side_effects_for_workflow PASSED [  6%]
tests/unit/phase5b/test_exactly_once.py::TestSideEffectRegistry::test_clear_side_effects PASSED [  6%]
tests/unit/phase5b/test_exactly_once.py::TestExactlyOnceExecution::test_idempotency_key_exact_once PASSED [  6%]
tests/unit/phase5b/test_exactly_once.py::TestExactlyOnceExecution::test_idempotency_key_different PASSED [  6%]
tests/unit/phase5b/test_exactly_once.py::TestExactlyOnceExecution::test_idempotency_key_different_task PASSED [  6%]
tests/unit/phase5b/test_exactly_once.py::TestExactlyOnceExecution::test_idempotency_key_different_workflow PASSED [  6%]
tests/unit/phase5b/test_exactly_once.py::TestExactlyOnceExecution::test_side_effect_registered PASSED [  6%]
tests/unit/phase5b/test_exactly_once.py::TestExactlyOnceExecution::test_side_effect_not_rerun_on_replay PASSED [  6%]
tests/unit/phase5b/test_expansion_guard.py::TestPlannerExpansionGuard::test_validate_plan_within_limits PASSED [  6%]
tests/unit/phase5b/test_expansion_guard.py::TestPlannerExpansionGuard::test_validate_plan_exceeds_nodes PASSED [  6%]
tests/unit/phase5b/test_expansion_guard.py::TestPlannerExpansionGuard::test_validate_plan_exceeds_depth PASSED [  6%]
tests/unit/phase5b/test_expansion_guard.py::TestPlannerExpansionGuard::test_validate_plan_exceeds_branch PASSED [  6%]
tests/unit/phase5b/test_expansion_guard.py::TestPlannerExpansionGuard::test_enforce_plan_limit_raises PASSED [  6%]
tests/unit/phase5b/test_expansion_guard.py::TestPlannerExpansionGuard::test_enforce_plan_limit_passes PASSED [  6%]
tests/unit/phase5b/test_expansion_guard.py::TestPlannerExpansionGuard::test_validate_decomposition PASSED [  6%]
tests/unit/phase5b/test_expansion_guard.py::TestPlannerExpansionGuard::test_validate_decomposition_exceeds_branch PASSED [  6%]
tests/unit/phase5b/test_expansion_guard.py::TestPlannerExpansionGuard::test_validate_decomposition_exceeds_depth PASSED [  6%]
tests/unit/phase5b/test_expansion_guard.py::TestPlannerExpansionGuard::test_validate_search_states_within_limit PASSED [  6%]
tests/unit/phase5b/test_expansion_guard.py::TestPlannerExpansionGuard::test_validate_search_states_exceeds_limit PASSED [  6%]
tests/unit/phase5b/test_expansion_guard.py::TestPlannerExpansionGuard::test_beam_search_max_states PASSED [  6%]
tests/unit/phase5b/test_expansion_guard.py::TestPlannerExpansionGuard::test_plan_expansion_guard PASSED [  6%]
tests/unit/phase5b/test_expansion_guard.py::TestPlannerExpansionGuard::test_timeout_check PASSED [  6%]
tests/unit/phase5b/test_expansion_guard.py::TestPlannerExpansionGuard::test_timeout_remaining PASSED [  6%]
tests/unit/phase5b/test_expansion_guard.py::TestPlannerExpansionGuard::test_limits_property PASSED [  6%]
tests/unit/phase5b/test_expansion_guard.py::TestExpansionMetrics::test_record_plan PASSED [  7%]
tests/unit/phase5b/test_expansion_guard.py::TestExpansionMetrics::test_record_rejection PASSED [  7%]
tests/unit/phase5b/test_expansion_guard.py::TestExpansionMetrics::test_stats_with_no_records PASSED [  7%]
tests/unit/phase5b/test_expansion_guard.py::TestExpansionMetrics::test_multiple_plans PASSED [  7%]
tests/unit/phase5b/test_heartbeat_lease.py::TestActivityHeartbeatManager::test_start_activity PASSED [  7%]
tests/unit/phase5b/test_heartbeat_lease.py::TestActivityHeartbeatManager::test_heartbeat_renew PASSED [  7%]
tests/unit/phase5b/test_heartbeat_lease.py::TestActivityHeartbeatManager::test_heartbeat_wrong_worker_rejected PASSED [  7%]
tests/unit/phase5b/test_heartbeat_lease.py::TestActivityHeartbeatManager::test_heartbeat_nonexistent_activity PASSED [  7%]
tests/unit/phase5b/test_heartbeat_lease.py::TestActivityHeartbeatManager::test_complete_activity PASSED [  7%]
tests/unit/phase5b/test_heartbeat_lease.py::TestActivityHeartbeatManager::test_get_abandoned_activities PASSED [  7%]
tests/unit/phase5b/test_heartbeat_lease.py::TestActivityHeartbeatManager::test_activity_status PASSED [  7%]
tests/unit/phase5b/test_heartbeat_lease.py::TestActivityHeartbeatManager::test_healthy_activity PASSED [  7%]
tests/unit/phase5b/test_heartbeat_lease.py::TestLeaseManager::test_acquire_lease PASSED [  7%]
tests/unit/phase5b/test_heartbeat_lease.py::TestLeaseManager::test_acquire_lease_with_duration PASSED [  7%]
tests/unit/phase5b/test_heartbeat_lease.py::TestLeaseManager::test_lease_valid PASSED [  7%]
tests/unit/phase5b/test_heartbeat_lease.py::TestLeaseManager::test_lease_expired_reassign PASSED [  7%]
tests/unit/phase5b/test_heartbeat_lease.py::TestLeaseManager::test_lease_released PASSED [  7%]
tests/unit/phase5b/test_heartbeat_lease.py::TestLeaseManager::test_lease_extend PASSED [  7%]
tests/unit/phase5b/test_heartbeat_lease.py::TestLeaseManager::test_get_expired_leases PASSED [  7%]
tests/unit/phase5b/test_heartbeat_lease.py::TestLeaseManager::test_get_lease PASSED [  7%]
tests/unit/phase5b/test_heartbeat_lease.py::TestLeaseManager::test_nonexistent_lease PASSED [  7%]
tests/unit/phase5b/test_heartbeat_lease.py::TestLeaseManager::test_release_nonexistent_lease PASSED [  7%]
tests/unit/phase5b/test_heartbeat_lease.py::TestInMemoryHeartbeatStore::test_upsert_and_get PASSED [  7%]
tests/unit/phase5b/test_heartbeat_lease.py::TestInMemoryHeartbeatStore::test_delete PASSED [  7%]
tests/unit/phase5b/test_heartbeat_lease.py::TestInMemoryHeartbeatStore::test_get_expired PASSED [  7%]
tests/unit/phase5b/test_heartbeat_lease.py::TestInMemoryLeaseStore::test_acquire_and_release PASSED [  7%]
tests/unit/phase5b/test_heartbeat_lease.py::TestInMemoryLeaseStore::test_extend PASSED [  7%]
tests/unit/phase5b/test_heartbeat_lease.py::TestInMemoryLeaseStore::test_extend_released_lease_fails PASSED [  7%]
tests/unit/phase5b/test_history_compaction.py::TestHistoryCompactor::test_should_compact_false PASSED [  7%]
tests/unit/phase5b/test_history_compaction.py::TestHistoryCompactor::test_should_compact_true PASSED [  7%]
tests/unit/phase5b/test_history_compaction.py::TestHistoryCompactor::test_create_snapshot PASSED [  7%]
tests/unit/phase5b/test_history_compaction.py::TestHistoryCompactor::test_archive_events PASSED [  7%]
tests/unit/phase5b/test_history_compaction.py::TestHistoryCompactor::test_archive_under_threshold PASSED [  7%]
tests/unit/phase5b/test_history_compaction.py::TestHistoryCompactor::test_get_archived_history PASSED [  7%]
tests/unit/phase5b/test_history_compaction.py::TestHistoryCompactor::test_get_archived_history_from_sequence PASSED [  8%]
tests/unit/phase5b/test_history_compaction.py::TestContinueAsNewManager::test_should_continue_true PASSED [  8%]
tests/unit/phase5b/test_history_compaction.py::TestContinueAsNewManager::test_should_continue_false PASSED [  8%]
tests/unit/phase5b/test_history_compaction.py::TestContinueAsNewManager::test_should_continue_disabled PASSED [  8%]
tests/unit/phase5b/test_history_compaction.py::TestContinueAsNewManager::test_continue_workflow PASSED [  8%]
tests/unit/phase5b/test_history_compaction.py::TestContinueAsNewManager::test_get_original_workflow_id PASSED [  8%]
tests/unit/phase5b/test_history_compaction.py::TestContinueAsNewManager::test_is_continuation PASSED [  8%]
tests/unit/phase5b/test_history_compaction.py::TestContinueAsNewManager::test_restore_state PASSED [  8%]
tests/unit/phase5b/test_history_compaction.py::TestContinueAsNewManager::test_continue_as_new_idempotent PASSED [  8%]
tests/unit/phase5b/test_history_compaction.py::TestWorkflowHistoryManager::test_record_event_no_compact PASSED [  8%]
tests/unit/phase5b/test_history_compaction.py::TestWorkflowHistoryManager::test_record_event_triggers_compact PASSED [  8%]
tests/unit/phase5b/test_history_compaction.py::TestWorkflowHistoryManager::test_compact_if_needed PASSED [  8%]
tests/unit/phase5b/test_history_compaction.py::TestWorkflowHistoryManager::test_compact_if_not_needed PASSED [  8%]
tests/unit/phase5b/test_history_compaction.py::TestCompactionEdgeCases::test_empty_events PASSED [  8%]
tests/unit/phase5b/test_history_compaction.py::TestCompactionEdgeCases::test_exactly_at_threshold PASSED [  8%]
tests/unit/phase5b/test_history_compaction.py::TestCompactionEdgeCases::test_snapshot_id_uniqueness PASSED [  8%]
tests/unit/phase5b/test_history_compaction.py::TestCompactionEdgeCases::test_get_nonexistent_snapshot PASSED [  8%]
tests/unit/phase5b/test_multi_tenant_rbac.py::TestMultiTenantQuotaManager::test_check_workflow_allowed PASSED [  8%]
tests/unit/phase5b/test_multi_tenant_rbac.py::TestMultiTenantQuotaManager::test_record_workflow_start PASSED [  8%]
tests/unit/phase5b/test_multi_tenant_rbac.py::TestMultiTenantQuotaManager::test_record_workflow_end PASSED [  8%]
tests/unit/phase5b/test_multi_tenant_rbac.py::TestMultiTenantQuotaManager::test_quota_exceeded PASSED [  8%]
tests/unit/phase5b/test_multi_tenant_rbac.py::TestMultiTenantQuotaManager::test_multi_tenant_isolation PASSED [  8%]
tests/unit/phase5b/test_multi_tenant_rbac.py::TestMultiTenantQuotaManager::test_different_tenants_independent PASSED [  8%]
tests/unit/phase5b/test_multi_tenant_rbac.py::TestMultiTenantQuotaManager::test_check_cost_allowed PASSED [  8%]
tests/unit/phase5b/test_multi_tenant_rbac.py::TestMultiTenantQuotaManager::test_record_cost PASSED [  8%]
tests/unit/phase5b/test_multi_tenant_rbac.py::TestMultiTenantQuotaManager::test_cost_limit_exceeded PASSED [  8%]
tests/unit/phase5b/test_multi_tenant_rbac.py::TestWeightedFairScheduler::test_get_next_tenant_priority PASSED [  8%]
tests/unit/phase5b/test_multi_tenant_rbac.py::TestWeightedFairScheduler::test_get_next_tenant_fairness PASSED [  8%]
tests/unit/phase5b/test_multi_tenant_rbac.py::TestWeightedFairScheduler::test_get_schedule_order PASSED [  8%]
tests/unit/phase5b/test_multi_tenant_rbac.py::TestWeightedFairScheduler::test_skips_tenant_at_quota PASSED [  8%]
tests/unit/phase5b/test_multi_tenant_rbac.py::TestRBACEngine::test_user_permissions_admin PASSED [  8%]
tests/unit/phase5b/test_multi_tenant_rbac.py::TestRBACEngine::test_user_permissions_normal PASSED [  8%]
tests/unit/phase5b/test_multi_tenant_rbac.py::TestRBACEngine::test_has_permission PASSED [  8%]
tests/unit/phase5b/test_multi_tenant_rbac.py::TestRBACEngine::test_authorize_success PASSED [  8%]
tests/unit/phase5b/test_multi_tenant_rbac.py::TestRBACEngine::test_authorize_denied PASSED [  9%]
tests/unit/phase5b/test_multi_tenant_rbac.py::TestRBACEngine::test_get_roles_for_permission PASSED [  9%]
tests/unit/phase5b/test_multi_tenant_rbac.py::TestRBACEngine::test_rbac_denial PASSED [  9%]
tests/unit/phase5b/test_multi_tenant_rbac.py::TestRBACEngine::test_multiple_roles PASSED [  9%]
tests/unit/phase5b/test_multi_tenant_rbac.py::TestRBACApprovalEngine::test_create_approval_request PASSED [  9%]
tests/unit/phase5b/test_multi_tenant_rbac.py::TestRBACApprovalEngine::test_approve_request PASSED [  9%]
tests/unit/phase5b/test_multi_tenant_rbac.py::TestRBACApprovalEngine::test_approve_without_permission PASSED [  9%]
tests/unit/phase5b/test_multi_tenant_rbac.py::TestRBACApprovalEngine::test_reject_request PASSED [  9%]
tests/unit/phase5b/test_multi_tenant_rbac.py::TestRBACApprovalEngine::test_get_pending_requests PASSED [  9%]
tests/unit/phase5b/test_multi_tenant_rbac.py::TestRBACApprovalEngine::test_escalate_request PASSED [  9%]
tests/unit/phase5b/test_multi_tenant_rbac.py::TestRBACApprovalEngine::test_authorize_action_no_approval PASSED [  9%]
tests/unit/phase5b/test_multi_tenant_rbac.py::TestRBACApprovalEngine::test_authorize_action_requires_approval PASSED [  9%]
tests/unit/phase5b/test_poison_defense.py::TestToolOutputSanitizer::test_sanitize_safe_output PASSED [  9%]
tests/unit/phase5b/test_poison_defense.py::TestToolOutputSanitizer::test_sanitize_none_output PASSED [  9%]
tests/unit/phase5b/test_poison_defense.py::TestToolOutputSanitizer::test_sanitize_string_output PASSED [  9%]
tests/unit/phase5b/test_poison_defense.py::TestToolOutputSanitizer::test_sanitize_dangerous_script_tag PASSED [  9%]
tests/unit/phase5b/test_poison_defense.py::TestToolOutputSanitizer::test_sanitize_dangerous_javascript_protocol PASSED [  9%]
tests/unit/phase5b/test_poison_defense.py::TestToolOutputSanitizer::test_sanitize_dangerous_event_handler PASSED [  9%]
tests/unit/phase5b/test_poison_defense.py::TestToolOutputSanitizer::test_sanitize_dangerous_eval PASSED [  9%]
tests/unit/phase5b/test_poison_defense.py::TestToolOutputSanitizer::test_sanitize_dangerous_import PASSED [  9%]
tests/unit/phase5b/test_poison_defense.py::TestToolOutputSanitizer::test_sanitize_dangerous_subprocess PASSED [  9%]
tests/unit/phase5b/test_poison_defense.py::TestToolOutputSanitizer::test_sanitize_dangerous_os_system PASSED [  9%]
tests/unit/phase5b/test_poison_defense.py::TestToolOutputSanitizer::test_sanitize_dangerous_exec PASSED [  9%]
tests/unit/phase5b/test_poison_defense.py::TestToolOutputSanitizer::test_sanitize_output_too_large PASSED [  9%]
tests/unit/phase5b/test_poison_defense.py::TestToolOutputSanitizer::test_sanitize_custom_patterns PASSED [  9%]
tests/unit/phase5b/test_poison_defense.py::TestToolOutputSanitizer::test_sanitize_with_schema_validation PASSED [  9%]
tests/unit/phase5b/test_poison_defense.py::TestToolOutputSanitizer::test_sanitize_case_insensitive PASSED [  9%]
tests/unit/phase5b/test_poison_defense.py::TestTrustScoreManager::test_initial_score PASSED [  9%]
tests/unit/phase5b/test_poison_defense.py::TestTrustScoreManager::test_record_success PASSED [  9%]
tests/unit/phase5b/test_poison_defense.py::TestTrustScoreManager::test_record_failure_normal PASSED [  9%]
tests/unit/phase5b/test_poison_defense.py::TestTrustScoreManager::test_record_failure_severe PASSED [  9%]
tests/unit/phase5b/test_poison_defense.py::TestTrustScoreManager::test_record_failure_critical PASSED [  9%]
tests/unit/phase5b/test_poison_defense.py::TestTrustScoreManager::test_score_recalculation PASSED [  9%]
tests/unit/phase5b/test_poison_defense.py::TestTrustScoreManager::test_quarantine_threshold PASSED [  9%]
tests/unit/phase5b/test_poison_defense.py::TestTrustScoreManager::test_reject_threshold PASSED [  9%]
tests/unit/phase5b/test_poison_defense.py::TestTrustScoreManager::test_manual_quarantine PASSED [ 10%]
tests/unit/phase5b/test_poison_defense.py::TestTrustScoreManager::test_remove_quarantine PASSED [ 10%]
tests/unit/phase5b/test_poison_defense.py::TestTrustScoreManager::test_reset_score PASSED [ 10%]
tests/unit/phase5b/test_poison_defense.py::TestPoisonToolDefense::test_process_safe_output PASSED [ 10%]
tests/unit/phase5b/test_poison_defense.py::TestPoisonToolDefense::test_process_poisoned_output_quarantine PASSED [ 10%]
tests/unit/phase5b/test_poison_defense.py::TestPoisonToolDefense::test_process_output_trust_score_update PASSED [ 10%]
tests/unit/phase5b/test_poison_defense.py::TestPoisonToolDefense::test_tool_quarantine_after_poison PASSED [ 10%]
tests/unit/phase5b/test_poison_defense.py::TestPoisonToolDefense::test_tool_rejected_at_low_score PASSED [ 10%]
tests/unit/phase5b/test_poison_defense.py::TestPoisonToolDefense::test_is_allowed PASSED [ 10%]
tests/unit/phase5b/test_poison_defense.py::TestPoisonToolDefense::test_multiple_tools_independent PASSED [ 10%]
tests/unit/phase5b/test_poison_defense.py::TestPoisonDefenseEdgeCases::test_empty_output PASSED [ 10%]
tests/unit/phase5b/test_poison_defense.py::TestPoisonDefenseEdgeCases::test_unicode_output PASSED [ 10%]
tests/unit/phase5b/test_poison_defense.py::TestPoisonDefenseEdgeCases::test_nested_json_output PASSED [ 10%]
tests/unit/phase5b/test_poison_defense.py::TestPoisonDefenseEdgeCases::test_unicode_xss_attempt PASSED [ 10%]
tests/unit/phase5b/test_schema_validator.py::TestSchemaValidator::test_validate_input_success PASSED [ 10%]
tests/unit/phase5b/test_schema_validator.py::TestSchemaValidator::test_validate_input_missing_required PASSED [ 10%]
tests/unit/phase5b/test_schema_validator.py::TestSchemaValidator::test_validate_input_type_mismatch PASSED [ 10%]
tests/unit/phase5b/test_schema_validator.py::TestSchemaValidator::test_validate_input_schema_not_found PASSED [ 10%]
tests/unit/phase5b/test_schema_validator.py::TestSchemaValidator::test_validate_input_unknown_version PASSED [ 10%]
tests/unit/phase5b/test_schema_validator.py::TestSchemaValidator::test_validate_output_success PASSED [ 10%]
tests/unit/phase5b/test_schema_validator.py::TestSchemaValidator::test_validate_extra_fields_allowed PASSED [ 10%]
tests/unit/phase5b/test_schema_validator.py::TestSchemaMigration::test_version_migration_v1_to_v2 PASSED [ 10%]
tests/unit/phase5b/test_schema_validator.py::TestSchemaMigration::test_version_migration_v2_to_v3 PASSED [ 10%]
tests/unit/phase5b/test_schema_validator.py::TestSchemaMigration::test_version_migration_chain_v1_to_v3 PASSED [ 10%]
tests/unit/phase5b/test_schema_validator.py::TestSchemaMigration::test_migration_disabled_raises_error PASSED [ 10%]
tests/unit/phase5b/test_schema_validator.py::TestSchemaMigration::test_migration_same_version PASSED [ 10%]
tests/unit/phase5b/test_schema_validator.py::TestSchemaMigration::test_migrate_to_latest PASSED [ 10%]
tests/unit/phase5b/test_schema_validator.py::TestSchemaMigration::test_migrate_to_latest_already_latest PASSED [ 10%]
tests/unit/phase5b/test_schema_validator.py::TestSchemaMigration::test_migration_missing_schema_raises PASSED [ 10%]
tests/unit/phase5b/test_schema_validator.py::TestSchemaMigration::test_migration_path_not_found_raises PASSED [ 10%]
tests/unit/phase5b/test_schema_validator.py::TestSchemaRegistry::test_register_and_get_schema PASSED [ 10%]
tests/unit/phase5b/test_schema_validator.py::TestSchemaRegistry::test_get_schema_not_found PASSED [ 10%]
tests/unit/phase5b/test_schema_validator.py::TestSchemaRegistry::test_get_migration_chain PASSED [ 10%]
tests/unit/phase5b/test_schema_validator.py::TestSchemaRegistry::test_get_migration_chain_no_path PASSED [ 10%]
tests/unit/phase5b/test_schema_validator.py::TestSchemaRegistry::test_get_migration_chain_circular_detected PASSED [ 11%]
tests/unit/phase5b/test_schema_validator.py::TestTypeValidation::test_string_type PASSED [ 11%]
tests/unit/phase5b/test_schema_validator.py::TestTypeValidation::test_number_accepts_int PASSED [ 11%]
tests/unit/phase5b/test_schema_validator.py::TestTypeValidation::test_integer_rejects_float PASSED [ 11%]
tests/unit/phase5b/test_schema_validator.py::TestTypeValidation::test_boolean_type PASSED [ 11%]
tests/unit/phase5b/test_schema_validator.py::TestTypeValidation::test_array_type PASSED [ 11%]
tests/unit/phase5b/test_schema_validator.py::TestTypeValidation::test_object_type PASSED [ 11%]
tests/unit/phase5b/test_schema_validator.py::TestTypeValidation::test_null_type PASSED [ 11%]
tests/unit/phase5c/test_phase5c_components.py::TestSnapshotIsolationRead::test_begin_transaction PASSED [ 11%]
tests/unit/phase5c/test_phase5c_components.py::TestSnapshotIsolationRead::test_begin_transaction_with_id PASSED [ 11%]
tests/unit/phase5c/test_phase5c_components.py::TestSnapshotIsolationRead::test_get_or_create_snapshot PASSED [ 11%]
tests/unit/phase5c/test_phase5c_components.py::TestSnapshotIsolationRead::test_commit_transaction PASSED [ 11%]
tests/unit/phase5c/test_phase5c_components.py::TestSnapshotIsolationRead::test_abort_transaction PASSED [ 11%]
tests/unit/phase5c/test_phase5c_components.py::TestSnapshotIsolationRead::test_update_document_version PASSED [ 11%]
tests/unit/phase5c/test_phase5c_components.py::TestSnapshotIsolationRead::test_is_document_changed_since PASSED [ 11%]
tests/unit/phase5c/test_phase5c_components.py::TestSnapshotIsolationRead::test_is_document_unchanged_since PASSED [ 11%]
tests/unit/phase5c/test_phase5c_components.py::TestSnapshotIsolationRead::test_get_snapshot PASSED [ 11%]
tests/unit/phase5c/test_phase5c_components.py::TestSnapshotIsolationRead::test_get_active_snapshot_count PASSED [ 11%]
tests/unit/phase5c/test_phase5c_components.py::TestReplicaLagAwareRouter::test_register_replica PASSED [ 11%]
tests/unit/phase5c/test_phase5c_components.py::TestReplicaLagAwareRouter::test_update_replica_lag_healthy PASSED [ 11%]
tests/unit/phase5c/test_phase5c_components.py::TestReplicaLagAwareRouter::test_update_replica_lag_stale PASSED [ 11%]
tests/unit/phase5c/test_phase5c_components.py::TestReplicaLagAwareRouter::test_get_best_replica_healthy PASSED [ 11%]
tests/unit/phase5c/test_phase5c_components.py::TestReplicaLagAwareRouter::test_get_best_replica_fallback_primary PASSED [ 11%]
tests/unit/phase5c/test_phase5c_components.py::TestReplicaLagAwareRouter::test_all_replicas_stale_no_fallback PASSED [ 11%]
tests/unit/phase5c/test_phase5c_components.py::TestReplicaLagAwareRouter::test_get_all_replica_statuses PASSED [ 11%]
tests/unit/phase5c/test_phase5c_components.py::TestReplicaLagAwareRouter::test_is_primary_fallback PASSED [ 11%]
tests/unit/phase5c/test_phase5c_components.py::TestPluginVersionManager::test_register_plugin PASSED [ 11%]
tests/unit/phase5c/test_phase5c_components.py::TestPluginVersionManager::test_register_multiple_versions PASSED [ 11%]
tests/unit/phase5c/test_phase5c_components.py::TestPluginVersionManager::test_load_plugin_success PASSED [ 11%]
tests/unit/phase5c/test_phase5c_components.py::TestPluginVersionManager::test_load_plugin_failure_auto_rollback PASSED [ 11%]
tests/unit/phase5c/test_phase5c_components.py::TestPluginVersionManager::test_rollback_plugin PASSED [ 11%]
tests/unit/phase5c/test_phase5c_components.py::TestPluginVersionManager::test_rollback_nonexistent_plugin PASSED [ 11%]
tests/unit/phase5c/test_phase5c_components.py::TestPluginVersionManager::test_get_version_history PASSED [ 11%]
tests/unit/phase5c/test_phase5c_components.py::TestQueryTypeBudgeter::test_get_budget_factoid PASSED [ 11%]
tests/unit/phase5c/test_phase5c_components.py::TestQueryTypeBudgeter::test_get_budget_reasoning PASSED [ 11%]
tests/unit/phase5c/test_phase5c_components.py::TestQueryTypeBudgeter::test_get_budget_code PASSED [ 12%]
tests/unit/phase5c/test_phase5c_components.py::TestQueryTypeBudgeter::test_get_budget_instruction PASSED [ 12%]
tests/unit/phase5c/test_phase5c_components.py::TestQueryTypeBudgeter::test_get_budget_unknown_uses_default PASSED [ 12%]
tests/unit/phase5c/test_phase5c_components.py::TestQueryTypeBudgeter::test_update_budget PASSED [ 12%]
tests/unit/phase5c/test_phase5c_components.py::TestQueryTypeBudgeter::test_reset_to_default PASSED [ 12%]
tests/unit/phase5c/test_phase5c_components.py::TestQueryTypeBudgeter::test_get_all_budgets PASSED [ 12%]
tests/unit/phase5c/test_phase5c_components.py::TestGoldenSetDriftDetector::test_register_golden_set PASSED [ 12%]
tests/unit/phase5c/test_phase5c_components.py::TestGoldenSetDriftDetector::test_add_query PASSED [ 12%]
tests/unit/phase5c/test_phase5c_components.py::TestGoldenSetDriftDetector::test_add_query_nonexistent_set PASSED [ 12%]
tests/unit/phase5c/test_phase5c_components.py::TestGoldenSetDriftDetector::test_remove_query PASSED [ 12%]
tests/unit/phase5c/test_phase5c_components.py::TestGoldenSetDriftDetector::test_update_golden_set PASSED [ 12%]
tests/unit/phase5c/test_phase5c_components.py::TestGoldenSetDriftDetector::test_evaluate_golden_set PASSED [ 12%]
tests/unit/phase5c/test_phase5c_components.py::TestGoldenSetDriftDetector::test_needs_evaluation_true PASSED [ 12%]
tests/unit/phase5c/test_phase5c_components.py::TestGoldenSetDriftDetector::test_get_drift_alerts PASSED [ 12%]
tests/unit/phase5c/test_phase5c_components.py::TestDocumentBasedCacheInvalidator::test_register_cache_entry PASSED [ 12%]
tests/unit/phase5c/test_phase5c_components.py::TestDocumentBasedCacheInvalidator::test_register_multiple_entries_same_doc PASSED [ 12%]
tests/unit/phase5c/test_phase5c_components.py::TestDocumentBasedCacheInvalidator::test_get_cache_keys_for_nonexistent_doc PASSED [ 12%]
tests/unit/phase5c/test_phase5c_components.py::TestDocumentBasedCacheInvalidator::test_is_doc_likely_cached_with_bloom PASSED [ 12%]
tests/unit/phase5c/test_phase5c_components.py::TestDocumentBasedCacheInvalidator::test_is_doc_likely_cached_without_bloom PASSED [ 12%]
tests/unit/phase5c/test_phase5c_components.py::TestDocumentBasedCacheInvalidator::test_invalidate_for_document PASSED [ 12%]
tests/unit/phase5c/test_phase5c_components.py::TestDocumentBasedCacheInvalidator::test_invalidate_removes_mapping PASSED [ 12%]
tests/unit/phase5c/test_phase5c_components.py::TestDocumentBasedCacheInvalidator::test_get_invalidation_history PASSED [ 12%]
tests/unit/phase5c/test_phase5c_components.py::TestDocumentBasedCacheInvalidator::test_get_stats PASSED [ 12%]
tests/unit/phase5c/test_phase5c_components.py::TestExplainabilitySizeLimiter::test_process_explanation_under_limit PASSED [ 12%]
tests/unit/phase5c/test_phase5c_components.py::TestExplainabilitySizeLimiter::test_process_explanation_truncate_entries PASSED [ 12%]
tests/unit/phase5c/test_phase5c_components.py::TestExplainabilitySizeLimiter::test_process_explanation_filter_low_score PASSED [ 12%]
tests/unit/phase5c/test_phase5c_components.py::TestExplainabilitySizeLimiter::test_process_explanation_sorted_by_score PASSED [ 12%]
tests/unit/phase5c/test_phase5c_components.py::TestExplainabilitySizeLimiter::test_get_limits PASSED [ 12%]
tests/unit/phase5c/test_phase5c_components.py::TestPhase5CConfig::test_default_config PASSED [ 12%]
tests/unit/phase5c/test_phase5c_components.py::TestPhase5CConfig::test_config_from_dict PASSED [ 12%]
tests/unit/phase5c/test_phase5c_components.py::TestPhase5CConfig::test_config_to_dict PASSED [ 12%]
tests/unit/phase5c/test_phase5c_components.py::TestPhase5CConfig::test_config_yaml_template PASSED [ 12%]
tests/unit/phase5c/test_phase5c_components.py::TestAdvancedRetrievalEngine::test_engine_initialization PASSED [ 12%]
tests/unit/phase5c/test_phase5c_components.py::TestAdvancedRetrievalEngine::test_begin_retrieval_transaction PASSED [ 12%]
tests/unit/phase5c/test_phase5c_components.py::TestAdvancedRetrievalEngine::test_get_snapshot PASSED [ 13%]
tests/unit/phase5c/test_phase5c_components.py::TestAdvancedRetrievalEngine::test_commit_transaction PASSED [ 13%]
tests/unit/phase5c/test_phase5c_components.py::TestAdvancedRetrievalEngine::test_register_replica PASSED [ 13%]
tests/unit/phase5c/test_phase5c_components.py::TestAdvancedRetrievalEngine::test_update_replica_lag PASSED [ 13%]
tests/unit/phase5c/test_phase5c_components.py::TestAdvancedRetrievalEngine::test_register_plugin PASSED [ 13%]
tests/unit/phase5c/test_phase5c_components.py::TestAdvancedRetrievalEngine::test_get_budget_for_intent PASSED [ 13%]
tests/unit/phase5c/test_phase5c_components.py::TestAdvancedRetrievalEngine::test_update_intent_budget PASSED [ 13%]
tests/unit/phase5c/test_phase5c_components.py::TestAdvancedRetrievalEngine::test_invalidate_cache_for_document PASSED [ 13%]
tests/unit/phase5c/test_phase5c_components.py::TestAdvancedRetrievalEngine::test_limit_explanation_size PASSED [ 13%]
tests/unit/phase5c/test_phase5c_components.py::TestAdvancedRetrievalEngine::test_get_config PASSED [ 13%]
tests/unit/phase5c/test_phase5c_components.py::TestAdvancedRetrievalEngine::test_get_cache_invalidation_stats PASSED [ 13%]
tests/unit/phase5c/test_phase5c_components.py::TestAdvancedRetrievalEngine::test_get_drift_alerts PASSED [ 13%]
tests/unit/phase5c/test_phase5c_extended.py::TestSnapshotReferenceCounter::test_acquire_reference PASSED [ 13%]
tests/unit/phase5c/test_phase5c_extended.py::TestSnapshotReferenceCounter::test_release_reference PASSED [ 13%]
tests/unit/phase5c/test_phase5c_extended.py::TestSnapshotReferenceCounter::test_multiple_references PASSED [ 13%]
tests/unit/phase5c/test_phase5c_extended.py::TestSnapshotReferenceCounter::test_is_referenced PASSED [ 13%]
tests/unit/phase5c/test_phase5c_extended.py::TestSnapshotGCManager::test_register_snapshot PASSED [ 13%]
tests/unit/phase5c/test_phase5c_extended.py::TestSnapshotGCManager::test_acquire_release_reference PASSED [ 13%]
tests/unit/phase5c/test_phase5c_extended.py::TestSnapshotGCManager::test_get_safe_to_gc PASSED [ 13%]
tests/unit/phase5c/test_phase5c_extended.py::TestSnapshotGCManager::test_max_snapshots_limit PASSED [ 13%]
tests/unit/phase5c/test_phase5c_extended.py::TestSnapshotGCManager::test_touch_snapshot PASSED [ 13%]
tests/unit/phase5c/test_phase5c_extended.py::TestVectorSnapshotConsistencyManager::test_create_segment PASSED [ 13%]
tests/unit/phase5c/test_phase5c_extended.py::TestVectorSnapshotConsistencyManager::test_pin_segment PASSED [ 13%]
tests/unit/phase5c/test_phase5c_extended.py::TestVectorSnapshotConsistencyManager::test_unpin_segment PASSED [ 13%]
tests/unit/phase5c/test_phase5c_extended.py::TestVectorSnapshotConsistencyManager::test_get_segments_for_snapshot PASSED [ 13%]
tests/unit/phase5c/test_phase5c_extended.py::TestVectorSnapshotConsistencyManager::test_compact_old_segments PASSED [ 13%]
tests/unit/phase5c/test_phase5c_extended.py::TestVectorSnapshotConsistencyManager::test_get_stats PASSED [ 13%]
tests/unit/phase5c/test_phase5c_extended.py::TestGenerationCacheInvalidator::test_on_document_updated PASSED [ 13%]
tests/unit/phase5c/test_phase5c_extended.py::TestGenerationCacheInvalidator::test_register_cache_entry PASSED [ 13%]
tests/unit/phase5c/test_phase5c_extended.py::TestGenerationCacheInvalidator::test_is_cache_valid PASSED [ 13%]
tests/unit/phase5c/test_phase5c_extended.py::TestGenerationCacheInvalidator::test_invalidation_after_update PASSED [ 13%]
tests/unit/phase5c/test_phase5c_extended.py::TestGenerationCacheInvalidator::test_get_invalidation_batch PASSED [ 13%]
tests/unit/phase5c/test_phase5c_extended.py::TestGenerationCacheInvalidator::test_get_stats PASSED [ 13%]
tests/unit/phase5c/test_phase5c_extended.py::TestDistributionShiftDetector::test_record_query PASSED [ 13%]
tests/unit/phase5c/test_phase5c_extended.py::TestDistributionShiftDetector::test_set_baseline PASSED [ 13%]
tests/unit/phase5c/test_phase5c_extended.py::TestDistributionShiftDetector::test_compute_kl_divergence PASSED [ 14%]
tests/unit/phase5c/test_phase5c_extended.py::TestDistributionShiftDetector::test_detect_drift PASSED [ 14%]
tests/unit/phase5c/test_phase5c_extended.py::TestDistributionShiftDetector::test_get_alerts PASSED [ 14%]
tests/unit/phase5c/test_phase5c_extended.py::TestRetrievalAdmissionController::test_get_load_factor PASSED [ 14%]
tests/unit/phase5c/test_phase5c_extended.py::TestRetrievalAdmissionController::test_is_overloaded PASSED [ 14%]
tests/unit/phase5c/test_phase5c_extended.py::TestRetrievalAdmissionController::test_is_degraded PASSED [ 14%]
tests/unit/phase5c/test_phase5c_extended.py::TestRetrievalAdmissionController::test_admit_normal_priority PASSED [ 14%]
tests/unit/phase5c/test_phase5c_extended.py::TestRetrievalAdmissionController::test_reject_low_priority_under_load PASSED [ 14%]
tests/unit/phase5c/test_phase5c_extended.py::TestRetrievalAdmissionController::test_release_slot PASSED [ 14%]
tests/unit/phase5c/test_phase5c_extended.py::TestRetrievalAdmissionController::test_get_stats PASSED [ 14%]
tests/unit/phase5c/test_phase5c_extended.py::TestCatastrophicRecoveryManager::test_record_wal_entry PASSED [ 14%]
tests/unit/phase5c/test_phase5c_extended.py::TestCatastrophicRecoveryManager::test_analyze_failure PASSED [ 14%]
tests/unit/phase5c/test_phase5c_extended.py::TestCatastrophicRecoveryManager::test_create_recovery_plan PASSED [ 14%]
tests/unit/phase5c/test_phase5c_extended.py::TestCatastrophicRecoveryManager::test_execute_recovery PASSED [ 14%]
tests/unit/phase5c/test_phase5c_extended.py::TestCatastrophicRecoveryManager::test_get_recovery_history PASSED [ 14%]
tests/unit/phase5c/test_phase5c_extended.py::TestPluginStateMigrationManager::test_snapshot_plugin_state PASSED [ 14%]
tests/unit/phase5c/test_phase5c_extended.py::TestPluginStateMigrationManager::test_get_latest_snapshot PASSED [ 14%]
tests/unit/phase5c/test_phase5c_extended.py::TestPluginStateMigrationManager::test_register_compatibility PASSED [ 14%]
tests/unit/phase5c/test_phase5c_extended.py::TestPluginStateMigrationManager::test_migrate_state PASSED [ 14%]
tests/unit/phase5c/test_phase5c_extended.py::TestPluginStateMigrationManager::test_get_stats PASSED [ 14%]
tests/unit/phase5c/test_phase5c_extended.py::TestLSNBasedLagMetrics::test_update_replica_lsn PASSED [ 14%]
tests/unit/phase5c/test_phase5c_extended.py::TestLSNBasedLagMetrics::test_update_vector_epoch PASSED [ 14%]
tests/unit/phase5c/test_phase5c_extended.py::TestLSNBasedLagMetrics::test_update_index_freshness PASSED [ 14%]
tests/unit/phase5c/test_phase5c_extended.py::TestLSNBasedLagMetrics::test_is_replica_stale PASSED [ 14%]
tests/unit/phase5c/test_phase5c_extended.py::TestLSNBasedLagMetrics::test_is_replica_healthy PASSED [ 14%]
tests/unit/phase5c/test_phase5c_extended.py::TestLSNBasedLagMetrics::test_get_all_replica_metrics PASSED [ 14%]
tests/unit/phase5c/test_phase5c_extended.py::TestLSNBasedLagMetrics::test_get_stats PASSED [ 14%]
tests/unit/test_ab_testing.py::TestABTestingFramework::test_framework_creation PASSED [ 14%]
tests/unit/test_ab_testing.py::TestABTestingFramework::test_create_test PASSED [ 14%]
tests/unit/test_ab_testing.py::TestABTestingFramework::test_assign_user_deterministic PASSED [ 14%]
tests/unit/test_ab_testing.py::TestABTestingFramework::test_record_metric PASSED [ 14%]
tests/unit/test_ab_testing.py::TestABTestingFramework::test_get_results PASSED [ 14%]
tests/unit/test_ab_testing.py::TestABTestingFramework::test_stop_test PASSED [ 14%]
tests/unit/test_advanced_features.py::TestTSServerConnection::test_create_connection PASSED [ 14%]
tests/unit/test_advanced_features.py::TestTSServerConnection::test_is_available PASSED [ 15%]
tests/unit/test_advanced_features.py::TestTSServerClient::test_create_client PASSED [ 15%]
tests/unit/test_advanced_features.py::TestREPLHistory::test_create PASSED [ 15%]
tests/unit/test_advanced_features.py::TestREPLHistory::test_add_command PASSED [ 15%]
tests/unit/test_advanced_features.py::TestREPLHistory::test_navigation PASSED [ 15%]
tests/unit/test_advanced_features.py::TestREPLHistory::test_save_load PASSED [ 15%]
tests/unit/test_advanced_features.py::TestInteractiveREPL::test_create_repl PASSED [ 15%]
tests/unit/test_advanced_features.py::TestInteractiveREPL::test_magic_commands_registered PASSED [ 15%]
tests/unit/test_advanced_features.py::TestInteractiveREPL::test_register_magic PASSED [ 15%]
tests/unit/test_advanced_features.py::TestVimBuffer::test_create_buffer PASSED [ 15%]
tests/unit/test_advanced_features.py::TestVimBuffer::test_set_lines PASSED [ 15%]
tests/unit/test_advanced_features.py::TestVimBuffer::test_cursor_movement PASSED [ 15%]
tests/unit/test_advanced_features.py::TestVimBuffer::test_insert_line PASSED [ 15%]
tests/unit/test_advanced_features.py::TestVimBuffer::test_delete_line PASSED [ 15%]
tests/unit/test_advanced_features.py::TestVimEngine::test_create_engine PASSED [ 15%]
tests/unit/test_advanced_features.py::TestVimEngine::test_load_content PASSED [ 15%]
tests/unit/test_advanced_features.py::TestVimEngine::test_get_content PASSED [ 15%]
tests/unit/test_advanced_features.py::TestVimEngine::test_mode_transitions PASSED [ 15%]
tests/unit/test_advanced_features.py::TestVimEngine::test_cursor_movement PASSED [ 15%]
tests/unit/test_advanced_features.py::TestVimEngine::test_delete_line PASSED [ 15%]
tests/unit/test_advanced_features.py::TestSSHConfig::test_create_config PASSED [ 15%]
tests/unit/test_advanced_features.py::TestSSHManager::test_create_manager PASSED [ 15%]
tests/unit/test_advanced_features.py::TestSSHManager::test_list_connections PASSED [ 15%]
tests/unit/test_advanced_features.py::TestSSHManager::test_get_connection_nonexistent PASSED [ 15%]
tests/unit/test_advanced_features.py::TestRemoteResult::test_create_result PASSED [ 15%]
tests/unit/test_agent_loop.py::TestAgentConfig::test_default_config PASSED [ 15%]
tests/unit/test_agent_loop.py::TestAgentConfig::test_custom_config PASSED [ 15%]
tests/unit/test_agent_loop.py::TestTurnResult::test_turn_result_creation PASSED [ 15%]
tests/unit/test_agent_loop.py::TestAgenticAgent::test_agent_initialization PASSED [ 15%]
tests/unit/test_agent_loop.py::TestAgenticAgent::test_agent_setup PASSED [ 15%]
tests/unit/test_agent_loop.py::TestAgenticAgent::test_single_turn PASSED [ 15%]
tests/unit/test_agent_loop.py::TestAgenticAgent::test_max_turns_limit PASSED [ 15%]
tests/unit/test_agent_loop.py::TestAgenticAgent::test_reset PASSED       [ 15%]
tests/unit/test_agent_loop.py::TestAgentLoop::test_agent_loop_creation PASSED [ 15%]
tests/unit/test_agent_loop.py::TestAgentIntegration::test_full_conversation PASSED [ 15%]
tests/unit/test_agent_loop.py::TestAgentEdgeCases::test_empty_message PASSED [ 16%]
tests/unit/test_agent_loop.py::TestAgentEdgeCases::test_unicode_message PASSED [ 16%]
tests/unit/test_agent_loop.py::TestAgentEdgeCases::test_repeated_messages PASSED [ 16%]
tests/unit/test_agent_runtime.py::TestAgentLifecycle::test_initial_state PASSED [ 16%]
tests/unit/test_agent_runtime.py::TestAgentLifecycle::test_spawn_transition PASSED [ 16%]
tests/unit/test_agent_runtime.py::TestAgentLifecycle::test_start_transition PASSED [ 16%]
tests/unit/test_agent_runtime.py::TestAgentLifecycle::test_suspend_transition PASSED [ 16%]
tests/unit/test_agent_runtime.py::TestAgentLifecycle::test_resume_transition PASSED [ 16%]
tests/unit/test_agent_runtime.py::TestAgentLifecycle::test_invalid_transition PASSED [ 16%]
tests/unit/test_agent_runtime.py::TestAgentLifecycle::test_checkpoint PASSED [ 16%]
tests/unit/test_agent_runtime.py::TestAgentLifecycle::test_context_update PASSED [ 16%]
tests/unit/test_agent_runtime.py::TestAgentSandbox::test_tool_permission_allowed PASSED [ 16%]
tests/unit/test_agent_runtime.py::TestAgentSandbox::test_tool_permission_denied PASSED [ 16%]
tests/unit/test_agent_runtime.py::TestAgentSandbox::test_tool_permission_allowed_list PASSED [ 16%]
tests/unit/test_agent_runtime.py::TestAgentSandbox::test_record_tool_call PASSED [ 16%]
tests/unit/test_agent_runtime.py::TestAgentSandbox::test_quota_exceeded PASSED [ 16%]
tests/unit/test_agent_runtime.py::TestAgentSandbox::test_stats PASSED    [ 16%]
tests/unit/test_agent_runtime.py::TestDeterministicFSM::test_initial_state PASSED [ 16%]
tests/unit/test_agent_runtime.py::TestDeterministicFSM::test_start_action PASSED [ 16%]
tests/unit/test_agent_runtime.py::TestDeterministicFSM::test_pause_action PASSED [ 16%]
tests/unit/test_agent_runtime.py::TestDeterministicFSM::test_invalid_action PASSED [ 16%]
tests/unit/test_agent_runtime.py::TestDeterministicFSM::test_action_logging PASSED [ 16%]
tests/unit/test_agent_runtime.py::TestDeterministicFSM::test_replay PASSED [ 16%]
tests/unit/test_agent_runtime.py::TestDeterministicFSM::test_idempotency_verification PASSED [ 16%]
tests/unit/test_agent_runtime.py::TestAgentScheduler::test_submit_task PASSED [ 16%]
tests/unit/test_agent_runtime.py::TestAgentScheduler::test_priority_ordering PASSED [ 16%]
tests/unit/test_agent_runtime.py::TestAgentScheduler::test_fifo_ordering PASSED [ 16%]
tests/unit/test_agent_runtime.py::TestAgentScheduler::test_backpressure_threshold PASSED [ 16%]
tests/unit/test_agent_runtime.py::TestAgentScheduler::test_cancel_task PASSED [ 16%]
tests/unit/test_agent_runtime.py::TestAgentScheduler::test_stats PASSED  [ 16%]
tests/unit/test_agent_runtime.py::TestFailureIsolation::test_error_classification PASSED [ 16%]
tests/unit/test_agent_runtime.py::TestFailureIsolation::test_create_boundary PASSED [ 16%]
tests/unit/test_agent_runtime.py::TestFailureIsolation::test_record_error PASSED [ 16%]
tests/unit/test_agent_runtime.py::TestFailureIsolation::test_isolation_threshold PASSED [ 16%]
tests/unit/test_agent_runtime.py::TestFailureIsolation::test_retry_boundary PASSED [ 17%]
tests/unit/test_agent_runtime.py::TestFailureIsolation::test_reset PASSED [ 17%]
tests/unit/test_agent_runtime.py::TestFailureIsolation::test_stats PASSED [ 17%]
tests/unit/test_alert_integration.py::TestAlertIntegration::test_integration_creation PASSED [ 17%]
tests/unit/test_alert_integration.py::TestAlertIntegration::test_add_rule PASSED [ 17%]
tests/unit/test_alert_integration.py::TestAlertIntegration::test_process_alert PASSED [ 17%]
tests/unit/test_alert_integration.py::TestAlertIntegration::test_process_low_severity_alert PASSED [ 17%]
tests/unit/test_alert_integration.py::TestAlertIntegration::test_create_ticket_from_alert PASSED [ 17%]
tests/unit/test_alias_resolver_standalone.py::test_import_as_alias PASSED [ 17%]
tests/unit/test_alias_resolver_standalone.py::test_from_import_as_alias PASSED [ 17%]
tests/unit/test_alias_resolver_standalone.py::test_simple_import PASSED  [ 17%]
tests/unit/test_alias_resolver_standalone.py::test_from_import_without_alias PASSED [ 17%]
tests/unit/test_alias_resolver_standalone.py::test_multiline_import PASSED [ 17%]
tests/unit/test_alias_resolver_standalone.py::test_resolve_symbol PASSED [ 17%]
tests/unit/test_alias_resolver_standalone.py::test_get_original_module PASSED [ 17%]
tests/unit/test_alias_resolver_standalone.py::test_get_alias_entry PASSED [ 17%]
tests/unit/test_alias_resolver_standalone.py::test_dotted_module_alias PASSED [ 17%]
tests/unit/test_alias_resolver_standalone.py::test_multiple_aliases_same_original PASSED [ 17%]
tests/unit/test_alias_resolver_standalone.py::test_wildcard_import PASSED [ 17%]
tests/unit/test_alias_resolver_standalone.py::test_clear_method PASSED   [ 17%]
tests/unit/test_alias_resolver_standalone.py::test_merge_method PASSED   [ 17%]
tests/unit/test_alias_resolver_standalone.py::test_chained_alias PASSED  [ 17%]
tests/unit/test_apply_fix.py::TestApplyFixTool::test_validate_fix_missing_file PASSED [ 17%]
tests/unit/test_apply_fix.py::TestApplyFixTool::test_validate_fix_old_text_not_found PASSED [ 17%]
tests/unit/test_apply_fix.py::TestApplyFixTool::test_validate_fix_success PASSED [ 17%]
tests/unit/test_apply_fix.py::TestApplyFixTool::test_apply_fix_creates_backup PASSED [ 17%]
tests/unit/test_apply_fix.py::TestApplyFixTool::test_apply_fix_without_old_text PASSED [ 17%]
tests/unit/test_apply_fix.py::TestApplyFixTool::test_apply_fix_failure PASSED [ 17%]
tests/unit/test_apply_fix.py::TestApplyFixTool::test_preview_fix PASSED  [ 17%]
tests/unit/test_apply_fix.py::TestApplyFixTool::test_apply_batch PASSED  [ 17%]
tests/unit/test_apply_fix.py::TestApplyFixTool::test_apply_batch_dry_run PASSED [ 17%]
tests/unit/test_apply_fix.py::TestApplyFixTool::test_apply_batch_skip_invalid PASSED [ 17%]
tests/unit/test_apply_fix.py::TestApplyFixTool::test_rollback PASSED     [ 17%]
tests/unit/test_apply_fix.py::TestApplyFixTool::test_compute_hash PASSED [ 17%]
tests/unit/test_apply_fix.py::TestFixModels::test_fix_mark_applied PASSED [ 18%]
tests/unit/test_apply_fix.py::TestFixModels::test_fix_mark_rejected PASSED [ 18%]
tests/unit/test_apply_fix.py::TestFixModels::test_fix_mark_failed PASSED [ 18%]
tests/unit/test_apply_fix.py::TestFixModels::test_fix_is_critical_error PASSED [ 18%]
tests/unit/test_apply_fix.py::TestFixModels::test_fix_is_not_critical_warning PASSED [ 18%]
tests/unit/test_apply_fix.py::TestFixModels::test_fix_location_same_line PASSED [ 18%]
tests/unit/test_apply_fix.py::TestFixModels::test_fix_location_multi_line PASSED [ 18%]
tests/unit/test_apply_fix.py::TestFixModels::test_fix_default_severity PASSED [ 18%]
tests/unit/test_apply_fix.py::TestFixModels::test_fix_batch_add PASSED   [ 18%]
tests/unit/test_apply_fix.py::TestFixModels::test_fix_batch_adds_unique_files PASSED [ 18%]
tests/unit/test_apply_fix.py::TestFixModels::test_fix_batch_update_counters PASSED [ 18%]
tests/unit/test_apply_fix.py::TestFixModels::test_fix_batch_pending PASSED [ 18%]
tests/unit/test_apply_fix.py::TestFixModels::test_fix_batch_success_rate PASSED [ 18%]
tests/unit/test_apply_fix.py::TestFixModels::test_fix_batch_get_by_file PASSED [ 18%]
tests/unit/test_apply_fix.py::TestFixModels::test_fix_batch_get_by_severity PASSED [ 18%]
tests/unit/test_apply_fix.py::TestFixModels::test_fix_result_has_backup PASSED [ 18%]
tests/unit/test_apply_fix.py::TestFixModels::test_fix_result_no_backup PASSED [ 18%]
tests/unit/test_apply_fix.py::TestFixModels::test_review_finding_to_fix PASSED [ 18%]
tests/unit/test_apply_fix.py::TestFixStatus::test_all_statuses PASSED    [ 18%]
tests/unit/test_apply_fix.py::TestFixSeverity::test_all_severities PASSED [ 18%]
tests/unit/test_artifact_manifest.py::TestBuildInfo::test_create_build_info PASSED [ 18%]
tests/unit/test_artifact_manifest.py::TestGitInfo::test_create_git_info PASSED [ 18%]
tests/unit/test_artifact_manifest.py::TestGitInfo::test_to_dict PASSED   [ 18%]
tests/unit/test_artifact_manifest.py::TestFirmwareArtifact::test_create_artifact PASSED [ 18%]
tests/unit/test_artifact_manifest.py::TestFirmwareArtifact::test_to_dict PASSED [ 18%]
tests/unit/test_artifact_manifest.py::TestFirmwareArtifact::test_to_spdx PASSED [ 18%]
tests/unit/test_artifact_manifest.py::TestFirmwareArtifact::test_to_cyclonedx PASSED [ 18%]
tests/unit/test_artifact_manifest.py::TestArtifactManifestBuilder::test_add_dependency PASSED [ 18%]
tests/unit/test_artifact_manifest.py::TestArtifactManifestBuilder::test_get_git_info PASSED [ 18%]
tests/unit/test_artifact_manifest.py::TestReproducibleBuildVerifier::test_generate_build_env_hash PASSED [ 18%]
tests/unit/test_artifact_manifest.py::TestArtifactRegistry::test_register_artifact PASSED [ 18%]
tests/unit/test_artifact_manifest.py::TestArtifactRegistry::test_get_by_hash PASSED [ 18%]
tests/unit/test_artifact_manifest.py::TestArtifactRegistry::test_list_by_version PASSED [ 18%]
tests/unit/test_ast_patch_engine.py::TestASTPatchEngine::test_create_engine PASSED [ 18%]
tests/unit/test_ast_patch_engine.py::TestASTPatchEngine::test_patch_dataclass PASSED [ 18%]
tests/unit/test_ast_patch_engine.py::TestASTPatchEngine::test_patch_to_diff PASSED [ 19%]
tests/unit/test_ast_patch_engine.py::TestASTPatchEngine::test_patch_result_dataclass PASSED [ 19%]
tests/unit/test_ast_patch_engine.py::TestASTPatchEngine::test_patch_result_with_error PASSED [ 19%]
tests/unit/test_ast_patch_engine.py::TestASTPatchEngine::test_ast_node_info PASSED [ 19%]
tests/unit/test_ast_patch_engine.py::TestPatchApplication::test_apply_patch_simple PASSED [ 19%]
tests/unit/test_ast_patch_engine.py::TestPatchApplication::test_apply_patch_preserve_indentation PASSED [ 19%]
tests/unit/test_ast_patch_engine.py::TestPatchApplication::test_apply_patch_multiline PASSED [ 19%]
tests/unit/test_ast_patch_engine.py::TestPatchApplication::test_apply_patch_empty_replacement PASSED [ 19%]
tests/unit/test_ast_patch_engine.py::TestPatchApplication::test_apply_patch_addition PASSED [ 19%]
tests/unit/test_ast_patch_engine.py::TestSyntaxValidation::test_validate_syntax_python_valid PASSED [ 19%]
tests/unit/test_ast_patch_engine.py::TestSyntaxValidation::test_validate_syntax_python_invalid PASSED [ 19%]
tests/unit/test_ast_patch_engine.py::TestSyntaxValidation::test_validate_syntax_unclosed_bracket PASSED [ 19%]
tests/unit/test_ast_patch_engine.py::TestGeneratePatch::test_generate_patch_from_byte_positions PASSED [ 19%]
tests/unit/test_ast_patch_engine.py::TestGeneratePatch::test_generate_patch_multiline PASSED [ 19%]
tests/unit/test_ast_patch_engine.py::TestGeneratePatch::test_generate_patch_to_diff PASSED [ 19%]
tests/unit/test_ast_patch_engine.py::TestApplyAndValidate::test_apply_and_validate_success PASSED [ 19%]
tests/unit/test_ast_patch_engine.py::TestApplyAndValidate::test_apply_and_validate_invalidates_syntax PASSED [ 19%]
tests/unit/test_ast_patch_engine.py::TestApplyAndValidate::test_apply_and_validate_counts_modified_lines PASSED [ 19%]
tests/unit/test_ast_patch_engine.py::TestSafeApply::test_apply_safely_with_validation PASSED [ 19%]
tests/unit/test_ast_patch_engine.py::TestSafeApply::test_apply_safely_without_validation PASSED [ 19%]
tests/unit/test_ast_patch_engine.py::TestExtractWithContext::test_extract_with_context_basic PASSED [ 19%]
tests/unit/test_ast_patch_engine.py::TestExtractWithContext::test_extract_with_context_edge_cases PASSED [ 19%]
tests/unit/test_ast_patch_engine.py::TestDiffGeneration::test_generate_diff PASSED [ 19%]
tests/unit/test_ast_patch_engine.py::TestDiffGeneration::test_generate_diff_no_changes PASSED [ 19%]
tests/unit/test_ast_patch_engine.py::TestFindNodes::test_find_node_at_position PASSED [ 19%]
tests/unit/test_ast_patch_engine.py::TestFindNodes::test_find_nodes_by_type PASSED [ 19%]
tests/unit/test_ast_patch_engine.py::TestFindNodes::test_find_nodes_no_match PASSED [ 19%]
tests/unit/test_ast_patch_engine.py::TestNodeRange::test_get_node_range PASSED [ 19%]
tests/unit/test_ast_patch_engine.py::TestPatternSearch::test_find_similar_code_pattern PASSED [ 19%]
tests/unit/test_ast_patch_engine.py::TestPatternSearch::test_find_similar_pattern_no_match PASSED [ 19%]
tests/unit/test_ast_patch_engine.py::TestPreserveFormatting::test_preserve_leading_whitespace PASSED [ 19%]
tests/unit/test_ast_patch_engine.py::TestPreserveFormatting::test_preserve_trailing_whitespace PASSED [ 19%]
tests/unit/test_ast_patch_engine.py::TestPreserveFormatting::test_preserve_comments PASSED [ 19%]
tests/unit/test_ast_patch_engine.py::TestRealWorldScenarios::test_fix_function_return_type PASSED [ 19%]
tests/unit/test_ast_patch_engine.py::TestRealWorldScenarios::test_replace_magic_number PASSED [ 20%]
tests/unit/test_ast_patch_engine.py::TestRealWorldScenarios::test_add_import PASSED [ 20%]
tests/unit/test_auto_fine_tuner.py::TestAutoFineTuner::test_tuner_creation PASSED [ 20%]
tests/unit/test_auto_fine_tuner.py::TestAutoFineTuner::test_default_config PASSED [ 20%]
tests/unit/test_auto_fine_tuner.py::TestAutoFineTuner::test_start_collection PASSED [ 20%]
tests/unit/test_auto_fine_tuner.py::TestAutoFineTuner::test_add_training_data PASSED [ 20%]
tests/unit/test_auto_fine_tuner.py::TestAutoFineTuner::test_should_trigger_training_insufficient_samples PASSED [ 20%]
tests/unit/test_auto_fine_tuner.py::TestAutoFineTuner::test_get_status PASSED [ 20%]
tests/unit/test_auto_fine_tuner.py::TestAutoFineTuner::test_get_next_schedule_time PASSED [ 20%]
tests/unit/test_board_pool.py::TestBoardPoolConfig::test_default_config PASSED [ 20%]
tests/unit/test_board_pool.py::TestBoardPool::test_pool_creation PASSED  [ 20%]
tests/unit/test_board_pool.py::TestBoardPool::test_add_board PASSED      [ 20%]
tests/unit/test_board_pool.py::TestBoardPool::test_add_reserve_board PASSED [ 20%]
tests/unit/test_board_pool.py::TestBoardPool::test_acquire_board PASSED  [ 20%]
tests/unit/test_board_pool.py::TestBoardPool::test_acquire_no_boards_available PASSED [ 20%]
tests/unit/test_board_pool.py::TestBoardPool::test_release_board PASSED  [ 20%]
tests/unit/test_board_pool.py::TestBoardPool::test_mark_failed_with_replacement PASSED [ 20%]
tests/unit/test_board_pool.py::TestBoardPool::test_get_statistics PASSED [ 20%]
tests/unit/test_board_pool.py::TestBoardPool::test_remove_board PASSED   [ 20%]
tests/unit/test_board_pool.py::TestBoardPool::test_pool_state PASSED     [ 20%]
tests/unit/test_bug_dependency_graph.py::TestBugNode::test_add_dependency PASSED [ 20%]
tests/unit/test_bug_dependency_graph.py::TestBugNode::test_add_dependent PASSED [ 20%]
tests/unit/test_bug_dependency_graph.py::TestBugNode::test_counts PASSED [ 20%]
tests/unit/test_bug_dependency_graph.py::TestCycleDetector::test_no_cycle_simple PASSED [ 20%]
tests/unit/test_bug_dependency_graph.py::TestCycleDetector::test_detect_simple_cycle PASSED [ 20%]
tests/unit/test_bug_dependency_graph.py::TestCycleDetector::test_detect_complex_cycle PASSED [ 20%]
tests/unit/test_bug_dependency_graph.py::TestDependencyAnalyzer::test_infer_causal_relationship PASSED [ 20%]
tests/unit/test_bug_dependency_graph.py::TestBugDependencyGraph::test_add_node PASSED [ 20%]
tests/unit/test_bug_dependency_graph.py::TestBugDependencyGraph::test_add_dependency PASSED [ 20%]
tests/unit/test_bug_dependency_graph.py::TestBugDependencyGraph::test_prevent_cycle PASSED [ 20%]
tests/unit/test_bug_dependency_graph.py::TestBugDependencyGraph::test_get_roots PASSED [ 20%]
tests/unit/test_bug_dependency_graph.py::TestBugDependencyGraph::test_get_leaves PASSED [ 20%]
tests/unit/test_bug_dependency_graph.py::TestBugDependencyGraph::test_get_root_causes PASSED [ 20%]
tests/unit/test_bug_dependency_graph.py::TestBugDependencyGraph::test_get_dependent_chain PASSED [ 20%]
tests/unit/test_bug_dependency_graph.py::TestBugDependencyGraph::test_get_dependency_chain PASSED [ 20%]
tests/unit/test_bug_dependency_graph.py::TestBugDependencyGraph::test_topological_sort PASSED [ 21%]
tests/unit/test_bug_dependency_graph.py::TestBugDependencyGraph::test_topological_sort_fails_with_cycle PASSED [ 21%]
tests/unit/test_bug_dependency_graph.py::TestBugDependencyGraph::test_infer_and_add_dependencies PASSED [ 21%]
tests/unit/test_bug_dependency_graph.py::TestBugDependencyGraph::test_find_and_break_cycle PASSED [ 21%]
tests/unit/test_bug_dependency_graph.py::TestBugDependencyGraphIntegration::test_realistic_scenario PASSED [ 21%]
tests/unit/test_bug_dependency_graph.py::TestBugDependencyGraphIntegration::test_export_to_dict PASSED [ 21%]
tests/unit/test_bug_report_parser.py::TestBugReport::test_compute_signature PASSED [ 21%]
tests/unit/test_bug_report_parser.py::TestBugReport::test_bug_location_str PASSED [ 21%]
tests/unit/test_bug_report_parser.py::TestSeggerSystemViewParser::test_can_parse_systemview PASSED [ 21%]
tests/unit/test_bug_report_parser.py::TestSeggerSystemViewParser::test_parse_exception PASSED [ 21%]
tests/unit/test_bug_report_parser.py::TestGDBOutputParser::test_can_parse_gdb PASSED [ 21%]
tests/unit/test_bug_report_parser.py::TestGDBOutputParser::test_parse_signal PASSED [ 21%]
tests/unit/test_bug_report_parser.py::TestOpenOCDParser::test_can_parse_openocd PASSED [ 21%]
tests/unit/test_bug_report_parser.py::TestOpenOCDParser::test_parse_hardfault PASSED [ 21%]
tests/unit/test_bug_report_parser.py::TestGenericLogParser::test_can_parse PASSED [ 21%]
tests/unit/test_bug_report_parser.py::TestGenericLogParser::test_parse_common_errors PASSED [ 21%]
tests/unit/test_bug_report_parser.py::TestGenericLogParser::test_parse_timeout_errors PASSED [ 21%]
tests/unit/test_bug_report_parser.py::TestBugReportParser::test_parse_mixed_formats PASSED [ 21%]
tests/unit/test_bug_report_parser.py::TestBugReportParser::test_deduplication PASSED [ 21%]
tests/unit/test_bug_report_parser.py::TestBugReportParser::test_parse_string_input PASSED [ 21%]
tests/unit/test_bug_report_parser.py::TestBugReportParser::test_parse_file_input PASSED [ 21%]
tests/unit/test_bug_report_parser.py::TestBugReportParser::test_signature_unique PASSED [ 21%]
tests/unit/test_bug_report_parser.py::TestBugTypeClassification::test_classification_accuracy[ERROR: hard_fault-BugType.HARD_FAULT] PASSED [ 21%]
tests/unit/test_bug_report_parser.py::TestBugTypeClassification::test_classification_accuracy[ERROR: mem_manage_fault-BugType.MEMORY_FAULT] PASSED [ 21%]
tests/unit/test_bug_report_parser.py::TestBugTypeClassification::test_classification_accuracy[ERROR: bus_fault-BugType.BUS_FAULT] PASSED [ 21%]
tests/unit/test_bug_report_parser.py::TestBugTypeClassification::test_classification_accuracy[ERROR: usage_fault-BugType.USAGE_FAULT] PASSED [ 21%]
tests/unit/test_bug_report_parser.py::TestBugTypeClassification::test_classification_accuracy[ERROR: stack_overflow-BugType.STACK_OVERFLOW] PASSED [ 21%]
tests/unit/test_bug_report_parser.py::TestBugTypeClassification::test_classification_accuracy[ERROR: heap_exhaustion-BugType.HEAP_EXHAUSTION] PASSED [ 21%]
tests/unit/test_bug_report_parser.py::TestBugTypeClassification::test_classification_accuracy[ERROR: watchdog_timeout-BugType.WATCHDOG_TIMEOUT] PASSED [ 21%]
tests/unit/test_bug_report_parser.py::TestBugTypeClassification::test_classification_accuracy[ERROR: deadlock-BugType.DEADLOCK] PASSED [ 21%]
tests/unit/test_bug_report_parser.py::TestBugTypeClassification::test_classification_accuracy[ERROR: assertion_failed-BugType.ASSERTION_FAILED] PASSED [ 21%]
tests/unit/test_bug_report_parser.py::TestBugTypeClassification::test_classification_accuracy[ERROR: i2c timeout-BugType.I2C_TIMEOUT] PASSED [ 21%]
tests/unit/test_bug_report_parser.py::TestBugTypeClassification::test_classification_accuracy[ERROR: spi timeout-BugType.SPI_TIMEOUT] PASSED [ 21%]
tests/unit/test_bug_report_parser.py::TestBugTypeClassification::test_classification_accuracy[ERROR: uart timeout-BugType.UART_TIMEOUT] PASSED [ 21%]
tests/unit/test_bug_report_parser.py::TestBugTypeClassification::test_classification_accuracy[ERROR: can timeout-BugType.CAN_TIMEOUT] PASSED [ 22%]
tests/unit/test_bug_report_parser.py::TestBugTypeClassification::test_classification_accuracy[ERROR: crash-BugType.CRASH] PASSED [ 22%]
tests/unit/test_bug_report_parser.py::TestSeverityAssignment::test_severity_assignment[BugType.HARD_FAULT-BugSeverity.CRITICAL] PASSED [ 22%]
tests/unit/test_bug_report_parser.py::TestSeverityAssignment::test_severity_assignment[BugType.STACK_OVERFLOW-BugSeverity.CRITICAL] PASSED [ 22%]
tests/unit/test_bug_report_parser.py::TestSeverityAssignment::test_severity_assignment[BugType.DEADLOCK-BugSeverity.CRITICAL] PASSED [ 22%]
tests/unit/test_bug_report_parser.py::TestSeverityAssignment::test_severity_assignment[BugType.CRASH-BugSeverity.CRITICAL] PASSED [ 22%]
tests/unit/test_bug_report_parser.py::TestSeverityAssignment::test_severity_assignment[BugType.HEAP_EXHAUSTION-BugSeverity.HIGH] PASSED [ 22%]
tests/unit/test_bug_report_parser.py::TestSeverityAssignment::test_severity_assignment[BugType.WATCHDOG_TIMEOUT-BugSeverity.HIGH] PASSED [ 22%]
tests/unit/test_bug_report_parser.py::TestSeverityAssignment::test_severity_assignment[BugType.BUS_FAULT-BugSeverity.CRITICAL] PASSED [ 22%]
tests/unit/test_bug_report_parser.py::TestSeverityAssignment::test_severity_assignment[BugType.USAGE_FAULT-BugSeverity.HIGH] PASSED [ 22%]
tests/unit/test_bug_report_parser.py::TestSeverityAssignment::test_severity_assignment[BugType.I2C_TIMEOUT-BugSeverity.MEDIUM] PASSED [ 22%]
tests/unit/test_bug_report_parser.py::TestSeverityAssignment::test_severity_assignment[BugType.UART_TIMEOUT-BugSeverity.LOW] PASSED [ 22%]
tests/unit/test_bug_report_parser.py::TestIntegrationWithSamples::test_parse_realistic_logs PASSED [ 22%]
tests/unit/test_bug_report_parser.py::TestIntegrationWithSamples::test_confidence_scores PASSED [ 22%]
tests/unit/test_cache_types.py::TestKeyState::test_state_ordering PASSED [ 22%]
tests/unit/test_cache_types.py::TestKeyState::test_state_comparison PASSED [ 22%]
tests/unit/test_cache_types.py::TestCacheResponse::test_hit_response PASSED [ 22%]
tests/unit/test_cache_types.py::TestCacheResponse::test_miss_response PASSED [ 22%]
tests/unit/test_cache_types.py::TestCacheResponse::test_stale_response PASSED [ 22%]
tests/unit/test_cache_types.py::TestCacheResponse::test_degraded_response PASSED [ 22%]
tests/unit/test_cache_types.py::TestCacheResponse::test_is_safe_to_use PASSED [ 22%]
tests/unit/test_cache_types.py::TestCacheResponse::test_needs_refresh PASSED [ 22%]
tests/unit/test_cache_types.py::TestCacheEntry::test_create_entry PASSED [ 22%]
tests/unit/test_cache_types.py::TestCacheEntry::test_touch PASSED        [ 22%]
tests/unit/test_cache_types.py::TestCacheEntry::test_record_hit PASSED   [ 22%]
tests/unit/test_cache_types.py::TestCacheEntry::test_record_miss PASSED  [ 22%]
tests/unit/test_cache_types.py::TestCacheEntry::test_is_expired PASSED   [ 22%]
tests/unit/test_cache_types.py::TestCacheEntry::test_time_to_expiry PASSED [ 22%]
tests/unit/test_cache_types.py::TestCacheEntry::test_is_stale PASSED     [ 22%]
tests/unit/test_cache_types.py::TestVectorClock::test_increment PASSED   [ 22%]
tests/unit/test_cache_types.py::TestVectorClock::test_merge PASSED       [ 22%]
tests/unit/test_cache_types.py::TestVectorClock::test_happens_before PASSED [ 22%]
tests/unit/test_cache_types.py::TestVectorClock::test_is_concurrent PASSED [ 22%]
tests/unit/test_cache_types.py::TestVectorClock::test_from_dict PASSED   [ 22%]
tests/unit/test_cache_types.py::TestValidationResult::test_success PASSED [ 22%]
tests/unit/test_cache_types.py::TestValidationResult::test_failure PASSED [ 23%]
tests/unit/test_cancellation.py::TestCancellationToken::test_initial_state PASSED [ 23%]
tests/unit/test_cancellation.py::TestCancellationToken::test_cancel_sets_flag PASSED [ 23%]
tests/unit/test_cancellation.py::TestCancellationToken::test_cancel_multiple_times PASSED [ 23%]
tests/unit/test_cancellation.py::TestCancellationToken::test_wait_blocks_until_cancel PASSED [ 23%]
tests/unit/test_cancellation.py::TestCancellationToken::test_wait_raises_if_already_cancelled PASSED [ 23%]
tests/unit/test_cancellation.py::TestCancellationToken::test_reset PASSED [ 23%]
tests/unit/test_cancellation.py::TestSubprocessHandle::test_noop_handle PASSED [ 23%]
tests/unit/test_cancellation.py::TestCancellationRegistry::test_register_and_get PASSED [ 23%]
tests/unit/test_cancellation.py::TestCancellationRegistry::test_get_initiator_client_id PASSED [ 23%]
tests/unit/test_cancellation.py::TestCancellationRegistry::test_register_process_handle PASSED [ 23%]
tests/unit/test_cancellation.py::TestCancellationRegistry::test_is_registered PASSED [ 23%]
tests/unit/test_cancellation.py::TestCancellationRegistry::test_unregister PASSED [ 23%]
tests/unit/test_cancellation.py::TestCancellationRegistry::test_cancel PASSED [ 23%]
tests/unit/test_cancellation.py::TestCancellationRegistry::test_cancel_not_found PASSED [ 23%]
tests/unit/test_cancellation.py::TestCancellationRegistry::test_get_registered_ids PASSED [ 23%]
tests/unit/test_cancellation.py::TestCancellationRegistry::test_clear PASSED [ 23%]
tests/unit/test_cancellation.py::TestRetryPolicy::test_should_retry_within_attempts PASSED [ 23%]
tests/unit/test_cancellation.py::TestRetryPolicy::test_should_not_retry_at_max_attempts PASSED [ 23%]
tests/unit/test_cancellation.py::TestRetryPolicy::test_should_not_retry_non_retryable_code PASSED [ 23%]
tests/unit/test_cancellation.py::TestRetryPolicy::test_should_not_retry_none_code PASSED [ 23%]
tests/unit/test_cancellation.py::TestRetryPolicy::test_get_delay_exponential_backoff PASSED [ 23%]
tests/unit/test_cancellation.py::TestRetryPolicy::test_get_delay_respects_max PASSED [ 23%]
tests/unit/test_cancellation.py::TestRetryPolicy::test_get_delay_with_jitter PASSED [ 23%]
tests/unit/test_cancellation.py::TestRetryPolicy::test_get_delay_no_jitter PASSED [ 23%]
tests/unit/test_cancellation.py::TestRetryPolicy::test_from_dict PASSED  [ 23%]
tests/unit/test_causal_reasoning.py::TestCausalReasoner::test_reasoner_creation PASSED [ 23%]
tests/unit/test_causal_reasoning.py::TestCausalReasoner::test_add_observation PASSED [ 23%]
tests/unit/test_causal_reasoning.py::TestCausalReasoner::test_add_causal_link PASSED [ 23%]
tests/unit/test_causal_reasoning.py::TestCausalReasoner::test_explain_effect PASSED [ 23%]
tests/unit/test_causal_reasoning.py::TestCausalReasoner::test_suggest_fixes PASSED [ 23%]
tests/unit/test_chaos_engineering.py::TestChaosExperiment::test_experiment_creation PASSED [ 23%]
tests/unit/test_chaos_engineering.py::TestChaosExperiment::test_register_target PASSED [ 23%]
tests/unit/test_chaos_engineering.py::TestChaosEngineer::test_engineer_creation PASSED [ 23%]
tests/unit/test_chaos_engineering.py::TestChaosEngineer::test_create_experiment PASSED [ 24%]
tests/unit/test_chaos_engineering.py::TestChaosEngineer::test_get_experiment PASSED [ 24%]
tests/unit/test_chaos_engineering.py::TestChaosEngineer::test_list_experiments PASSED [ 24%]
tests/unit/test_chaos_engineering.py::TestChaosEngineer::test_abort_experiment PASSED [ 24%]
tests/unit/test_chunker.py::TestChunker::test_chunk_empty_text PASSED    [ 24%]
tests/unit/test_chunker.py::TestChunker::test_chunk_whitespace_only PASSED [ 24%]
tests/unit/test_chunker.py::TestChunker::test_chunk_short_text PASSED    [ 24%]
tests/unit/test_chunker.py::TestChunker::test_chunk_json_object PASSED   [ 24%]
tests/unit/test_chunker.py::TestChunker::test_chunk_json_array PASSED    [ 24%]
tests/unit/test_chunker.py::TestChunker::test_chunk_plain_text_paragraphs PASSED [ 24%]
tests/unit/test_chunker.py::TestChunker::test_chunk_long_json_object PASSED [ 24%]
tests/unit/test_chunker.py::TestChunker::test_chunk_invalid_json_fallback PASSED [ 24%]
tests/unit/test_chunker.py::TestChunker::test_chunk_parent_id_consistent PASSED [ 24%]
tests/unit/test_chunker.py::TestChunker::test_chunk_indices_sequential PASSED [ 24%]
tests/unit/test_chunker.py::TestChunker::test_chunk_total_consistent PASSED [ 24%]
tests/unit/test_chunker.py::TestChunk::test_chunk_creation PASSED        [ 24%]
tests/unit/test_chunker.py::TestChunk::test_chunk_mutable_fields PASSED  [ 24%]
tests/unit/test_chunker.py::TestChunkerJsonEdgeCases::test_chunk_deeply_nested_json PASSED [ 24%]
tests/unit/test_chunker.py::TestChunkerJsonEdgeCases::test_chunk_empty_json_object PASSED [ 24%]
tests/unit/test_chunker.py::TestChunkerJsonEdgeCases::test_chunk_empty_json_array PASSED [ 24%]
tests/unit/test_chunker.py::TestChunkerJsonEdgeCases::test_chunk_json_with_escaped_quotes PASSED [ 24%]
tests/unit/test_chunker.py::TestChunkerJsonEdgeCases::test_chunk_long_json_array PASSED [ 24%]
tests/unit/test_chunker.py::TestChunkerJsonEdgeCases::test_chunk_json_malformed_missing_closing PASSED [ 24%]
tests/unit/test_chunker.py::TestChunkerJsonEdgeCases::test_chunk_json_malformed_invalid_char PASSED [ 24%]
tests/unit/test_chunker.py::TestChunkerJsonEdgeCases::test_chunk_json_with_numbers_booleans_null PASSED [ 24%]
tests/unit/test_circuit_breaker.py::TestCircuitBreaker::test_success_closes_circuit PASSED [ 24%]
tests/unit/test_circuit_breaker.py::TestCircuitBreaker::test_transient_failure_increments_count FAILED [ 24%]
tests/unit/test_circuit_breaker.py::TestCircuitBreaker::test_non_transient_failure_does_not_count PASSED [ 24%]
tests/unit/test_circuit_breaker.py::TestCircuitBreaker::test_opens_after_threshold FAILED [ 24%]
tests/unit/test_circuit_breaker.py::TestCircuitBreaker::test_half_open_after_timeout FAILED [ 24%]
tests/unit/test_circuit_breaker.py::TestCircuitBreaker::test_half_open_probe_failure FAILED [ 24%]
tests/unit/test_circuit_breaker.py::TestCircuitBreaker::test_reset FAILED [ 24%]

================================== FAILURES ===================================
_________ TestCircuitBreaker.test_transient_failure_increments_count __________

    async def fail():
>       raise ConnectionError("Connection refused")
E       ConnectionError: Connection refused

tests\unit\test_circuit_breaker.py:42: ConnectionError

During handling of the above exception, another exception occurred:

self = <test_circuit_breaker.TestCircuitBreaker object at 0x000001D5D2A4CA10>
breaker = <infrastructure.resilience.circuit_breaker.CircuitBreaker object at 0x000001D5D85CDE50>

    @pytest.mark.asyncio
    async def test_transient_failure_increments_count(self, breaker):
        """Test that transient failures increment failure count."""
    
        async def fail():
            raise ConnectionError("Connection refused")
    
        with pytest.raises(ConnectionError):
>           await breaker.call(fail)

tests\unit\test_circuit_breaker.py:45: 
_ _ _ _ _ _ _ _ _ _ _ _ _ _ _ _ _ _ _ _ _ _ _ _ _ _ _ _ _ _ _ _ _ _ _ _ _ _ _ _
src\infrastructure\resilience\circuit_breaker.py:184: in call
    return await self._execute(func, *args, **kwargs)
           ^^^^^^^^^^^^^^^^^^^^^^^^^^^^^^^^^^^^^^^^^^
src\infrastructure\resilience\circuit_breaker.py:250: in _execute
    await self._record_failure(e)
src\infrastructure\resilience\circuit_breaker.py:276: in _record_failure
    logger.warning(
_ _ _ _ _ _ _ _ _ _ _ _ _ _ _ _ _ _ _ _ _ _ _ _ _ _ _ _ _ _ _ _ _ _ _ _ _ _ _ _

self = <Logger infrastructure.resilience.circuit_breaker (WARNING)>
msg = 'circuit_opened', args = ()
kwargs = {'failure_count': 3, 'server': 'test-server'}

    def warning(self, msg, *args, **kwargs):
        """
        Log 'msg % args' with severity 'WARNING'.
    
        To pass exception information, use the keyword argument exc_info with
        a true value, e.g.
    
        logger.warning("Houston, we have a %s", "bit of a problem", exc_info=True)
        """
        if self.isEnabledFor(WARNING):
>           self._log(WARNING, msg, args, **kwargs)
E           TypeError: Logger._log() got an unexpected keyword argument 'server'

C:\Program Files\Python312\Lib\logging\__init__.py:1551: TypeError
________________ TestCircuitBreaker.test_opens_after_threshold ________________

    async def fail():
>       raise ConnectionError("Connection refused")
E       ConnectionError: Connection refused

tests\unit\test_circuit_breaker.py:68: ConnectionError

During handling of the above exception, another exception occurred:

self = <test_circuit_breaker.TestCircuitBreaker object at 0x000001D5D2A6D2B0>
breaker = <infrastructure.resilience.circuit_breaker.CircuitBreaker object at 0x000001D5D85CC1A0>

    @pytest.mark.asyncio
    async def test_opens_after_threshold(self, breaker):
        """Test circuit opens after failure threshold reached."""
    
        async def fail():
            raise ConnectionError("Connection refused")
    
        for _ in range(3):
            with pytest.raises(ConnectionError):
>               await breaker.call(fail)

tests\unit\test_circuit_breaker.py:72: 
_ _ _ _ _ _ _ _ _ _ _ _ _ _ _ _ _ _ _ _ _ _ _ _ _ _ _ _ _ _ _ _ _ _ _ _ _ _ _ _
src\infrastructure\resilience\circuit_breaker.py:184: in call
    return await self._execute(func, *args, **kwargs)
           ^^^^^^^^^^^^^^^^^^^^^^^^^^^^^^^^^^^^^^^^^^
src\infrastructure\resilience\circuit_breaker.py:250: in _execute
    await self._record_failure(e)
src\infrastructure\resilience\circuit_breaker.py:276: in _record_failure
    logger.warning(
_ _ _ _ _ _ _ _ _ _ _ _ _ _ _ _ _ _ _ _ _ _ _ _ _ _ _ _ _ _ _ _ _ _ _ _ _ _ _ _

self = <Logger infrastructure.resilience.circuit_breaker (WARNING)>
msg = 'circuit_opened', args = ()
kwargs = {'failure_count': 3, 'server': 'test-server'}

    def warning(self, msg, *args, **kwargs):
        """
        Log 'msg % args' with severity 'WARNING'.
    
        To pass exception information, use the keyword argument exc_info with
        a true value, e.g.
    
        logger.warning("Houston, we have a %s", "bit of a problem", exc_info=True)
        """
        if self.isEnabledFor(WARNING):
>           self._log(WARNING, msg, args, **kwargs)
E           TypeError: Logger._log() got an unexpected keyword argument 'server'

C:\Program Files\Python312\Lib\logging\__init__.py:1551: TypeError
_______________ TestCircuitBreaker.test_half_open_after_timeout _______________

    async def fail():
>       raise ConnectionError("Connection refused")
E       ConnectionError: Connection refused

tests\unit\test_circuit_breaker.py:90: ConnectionError

During handling of the above exception, another exception occurred:

self = <test_circuit_breaker.TestCircuitBreaker object at 0x000001D5D2A6D670>

    @pytest.mark.asyncio
    async def test_half_open_after_timeout(self):
        """Test circuit moves to half-open after timeout."""
        breaker = CircuitBreaker(
            name="test-server",
            failure_threshold=3,
            timeout_seconds=0.1,
        )
    
        async def fail():
            raise ConnectionError("Connection refused")
    
        for _ in range(3):
            with pytest.raises(ConnectionError):
>               await breaker.call(fail)

tests\unit\test_circuit_breaker.py:94: 
_ _ _ _ _ _ _ _ _ _ _ _ _ _ _ _ _ _ _ _ _ _ _ _ _ _ _ _ _ _ _ _ _ _ _ _ _ _ _ _
src\infrastructure\resilience\circuit_breaker.py:184: in call
    return await self._execute(func, *args, **kwargs)
           ^^^^^^^^^^^^^^^^^^^^^^^^^^^^^^^^^^^^^^^^^^
src\infrastructure\resilience\circuit_breaker.py:250: in _execute
    await self._record_failure(e)
src\infrastructure\resilience\circuit_breaker.py:276: in _record_failure
    logger.warning(
_ _ _ _ _ _ _ _ _ _ _ _ _ _ _ _ _ _ _ _ _ _ _ _ _ _ _ _ _ _ _ _ _ _ _ _ _ _ _ _

self = <Logger infrastructure.resilience.circuit_breaker (WARNING)>
msg = 'circuit_opened', args = ()
kwargs = {'failure_count': 3, 'server': 'test-server'}

    def warning(self, msg, *args, **kwargs):
        """
        Log 'msg % args' with severity 'WARNING'.
    
        To pass exception information, use the keyword argument exc_info with
        a true value, e.g.
    
        logger.warning("Houston, we have a %s", "bit of a problem", exc_info=True)
        """
        if self.isEnabledFor(WARNING):
>           self._log(WARNING, msg, args, **kwargs)
E           TypeError: Logger._log() got an unexpected keyword argument 'server'

C:\Program Files\Python312\Lib\logging\__init__.py:1551: TypeError
_______________ TestCircuitBreaker.test_half_open_probe_failure _______________

    async def fail():
>       raise ConnectionError("Connection refused")
E       ConnectionError: Connection refused

tests\unit\test_circuit_breaker.py:117: ConnectionError

During handling of the above exception, another exception occurred:

self = <test_circuit_breaker.TestCircuitBreaker object at 0x000001D5D2A6DA00>

    @pytest.mark.asyncio
    async def test_half_open_probe_failure(self):
        """Test that half-open probe failure reopens circuit."""
        breaker = CircuitBreaker(
            name="test-server",
            failure_threshold=3,
            timeout_seconds=0.1,
        )
    
        async def fail():
            raise ConnectionError("Connection refused")
    
        for _ in range(3):
            with pytest.raises(ConnectionError):
>               await breaker.call(fail)

tests\unit\test_circuit_breaker.py:121: 
_ _ _ _ _ _ _ _ _ _ _ _ _ _ _ _ _ _ _ _ _ _ _ _ _ _ _ _ _ _ _ _ _ _ _ _ _ _ _ _
src\infrastructure\resilience\circuit_breaker.py:184: in call
    return await self._execute(func, *args, **kwargs)
           ^^^^^^^^^^^^^^^^^^^^^^^^^^^^^^^^^^^^^^^^^^
src\infrastructure\resilience\circuit_breaker.py:250: in _execute
    await self._record_failure(e)
src\infrastructure\resilience\circuit_breaker.py:276: in _record_failure
    logger.warning(
_ _ _ _ _ _ _ _ _ _ _ _ _ _ _ _ _ _ _ _ _ _ _ _ _ _ _ _ _ _ _ _ _ _ _ _ _ _ _ _

self = <Logger infrastructure.resilience.circuit_breaker (WARNING)>
msg = 'circuit_opened', args = ()
kwargs = {'failure_count': 3, 'server': 'test-server'}

    def warning(self, msg, *args, **kwargs):
        """
        Log 'msg % args' with severity 'WARNING'.
    
        To pass exception information, use the keyword argument exc_info with
        a true value, e.g.
    
        logger.warning("Houston, we have a %s", "bit of a problem", exc_info=True)
        """
        if self.isEnabledFor(WARNING):
>           self._log(WARNING, msg, args, **kwargs)
E           TypeError: Logger._log() got an unexpected keyword argument 'server'

C:\Program Files\Python312\Lib\logging\__init__.py:1551: TypeError
________________________ TestCircuitBreaker.test_reset ________________________

    async def fail():
>       raise ConnectionError("fail")
E       ConnectionError: fail

tests\unit\test_circuit_breaker.py:140: ConnectionError

During handling of the above exception, another exception occurred:

self = <test_circuit_breaker.TestCircuitBreaker object at 0x000001D5D2A6DD90>
breaker = <infrastructure.resilience.circuit_breaker.CircuitBreaker object at 0x000001D5D852DF10>

    @pytest.mark.asyncio
    async def test_reset(self, breaker):
        """Test circuit breaker reset."""
    
        async def fail():
            raise ConnectionError("fail")
    
        for _ in range(3):
            with pytest.raises(ConnectionError):
>               await breaker.call(fail)

tests\unit\test_circuit_breaker.py:144: 
_ _ _ _ _ _ _ _ _ _ _ _ _ _ _ _ _ _ _ _ _ _ _ _ _ _ _ _ _ _ _ _ _ _ _ _ _ _ _ _
src\infrastructure\resilience\circuit_breaker.py:184: in call
    return await self._execute(func, *args, **kwargs)
           ^^^^^^^^^^^^^^^^^^^^^^^^^^^^^^^^^^^^^^^^^^
src\infrastructure\resilience\circuit_breaker.py:250: in _execute
    await self._record_failure(e)
src\infrastructure\resilience\circuit_breaker.py:276: in _record_failure
    logger.warning(
_ _ _ _ _ _ _ _ _ _ _ _ _ _ _ _ _ _ _ _ _ _ _ _ _ _ _ _ _ _ _ _ _ _ _ _ _ _ _ _

self = <Logger infrastructure.resilience.circuit_breaker (WARNING)>
msg = 'circuit_opened', args = ()
kwargs = {'failure_count': 3, 'server': 'test-server'}

    def warning(self, msg, *args, **kwargs):
        """
        Log 'msg % args' with severity 'WARNING'.
    
        To pass exception information, use the keyword argument exc_info with
        a true value, e.g.
    
        logger.warning("Houston, we have a %s", "bit of a problem", exc_info=True)
        """
        if self.isEnabledFor(WARNING):
>           self._log(WARNING, msg, args, **kwargs)
E           TypeError: Logger._log() got an unexpected keyword argument 'server'

C:\Program Files\Python312\Lib\logging\__init__.py:1551: TypeError
============================== warnings summary ===============================
tests\unit\test_alias_resolver_standalone.py:34
  C:\Users\thang\Desktop\Agentic-AI\tests\unit\test_alias_resolver_standalone.py:34: PytestCollectionWarning: cannot collect test class 'TestAliasResolver' because it has a __init__ constructor (from: tests/unit/test_alias_resolver_standalone.py)
    class TestAliasResolver:

src\interfaces\tui\test_runner.py:43
  C:\Users\thang\Desktop\Agentic-AI\src\interfaces\tui\test_runner.py:43: PytestCollectionWarning: cannot collect test class 'TestCase' because it has a __init__ constructor (from: tests/unit/test_debug_panel.py)
    @dataclass

src\interfaces\tui\test_runner.py:82
  C:\Users\thang\Desktop\Agentic-AI\src\interfaces\tui\test_runner.py:82: PytestCollectionWarning: cannot collect test class 'TestClass' because it has a __init__ constructor (from: tests/unit/test_debug_panel.py)
    @dataclass

src\interfaces\tui\test_runner.py:117
  C:\Users\thang\Desktop\Agentic-AI\src\interfaces\tui\test_runner.py:117: PytestCollectionWarning: cannot collect test class 'TestRun' because it has a __init__ constructor (from: tests/unit/test_debug_panel.py)
    @dataclass

src\interfaces\tui\test_runner.py:159
  C:\Users\thang\Desktop\Agentic-AI\src\interfaces\tui\test_runner.py:159: PytestCollectionWarning: cannot collect test class 'TestRunnerPanel' because it has a __init__ constructor (from: tests/unit/test_debug_panel.py)
    class TestRunnerPanel:

src\interfaces\tui\test_runner.py:25
  C:\Users\thang\Desktop\Agentic-AI\src\interfaces\tui\test_runner.py:25: PytestCollectionWarning: cannot collect test class 'TestState' because it has a __init__ constructor (from: tests/unit/test_debug_panel.py)
    class TestState(Enum):

src\infrastructure\hil\test_orchestrator.py:199
  C:\Users\thang\Desktop\Agentic-AI\src\infrastructure\hil\test_orchestrator.py:199: PytestCollectionWarning: cannot collect test class 'TestOrchestrator' because it has a __init__ constructor (from: tests/unit/test_test_orchestrator.py)
    class TestOrchestrator:

src\infrastructure\hil\test_orchestrator.py:33
  C:\Users\thang\Desktop\Agentic-AI\src\infrastructure\hil\test_orchestrator.py:33: PytestCollectionWarning: cannot collect test class 'TestPriority' because it has a __init__ constructor (from: tests/unit/test_test_orchestrator.py)
    class TestPriority(Enum):

src\infrastructure\hil\test_orchestrator.py:22
  C:\Users\thang\Desktop\Agentic-AI\src\infrastructure\hil\test_orchestrator.py:22: PytestCollectionWarning: cannot collect test class 'TestStatus' because it has a __init__ constructor (from: tests/unit/test_test_orchestrator.py)
    class TestStatus(Enum):

src\infrastructure\hil\test_orchestrator.py:41
  C:\Users\thang\Desktop\Agentic-AI\src\infrastructure\hil\test_orchestrator.py:41: PytestCollectionWarning: cannot collect test class 'TestTask' because it has a __init__ constructor (from: tests/unit/test_test_orchestrator.py)
    @dataclass

tests\integration\production_test.py:376
  C:\Users\thang\Desktop\Agentic-AI\tests\integration\production_test.py:376: PytestUnknownMarkWarning: Unknown pytest.mark.slow - is this a typo?  You can register custom marks to avoid this warning - for details, see https://docs.pytest.org/en/stable/how-to/mark.html
    @pytest.mark.slow

tests\integration\test_performance.py:127
  C:\Users\thang\Desktop\Agentic-AI\tests\integration\test_performance.py:127: PytestUnknownMarkWarning: Unknown pytest.mark.slow - is this a typo?  You can register custom marks to avoid this warning - for details, see https://docs.pytest.org/en/stable/how-to/mark.html
    @pytest.mark.slow

tests\integration\test_performance.py:149
  C:\Users\thang\Desktop\Agentic-AI\tests\integration\test_performance.py:149: PytestUnknownMarkWarning: Unknown pytest.mark.slow - is this a typo?  You can register custom marks to avoid this warning - for details, see https://docs.pytest.org/en/stable/how-to/mark.html
    @pytest.mark.slow

tests\integration\test_performance.py:173
  C:\Users\thang\Desktop\Agentic-AI\tests\integration\test_performance.py:173: PytestUnknownMarkWarning: Unknown pytest.mark.slow - is this a typo?  You can register custom marks to avoid this warning - for details, see https://docs.pytest.org/en/stable/how-to/mark.html
    @pytest.mark.slow

tests\integration\test_performance.py:209
  C:\Users\thang\Desktop\Agentic-AI\tests\integration\test_performance.py:209: PytestUnknownMarkWarning: Unknown pytest.mark.slow - is this a typo?  You can register custom marks to avoid this warning - for details, see https://docs.pytest.org/en/stable/how-to/mark.html
    @pytest.mark.slow

tests\integration\test_performance.py:232
  C:\Users\thang\Desktop\Agentic-AI\tests\integration\test_performance.py:232: PytestUnknownMarkWarning: Unknown pytest.mark.slow - is this a typo?  You can register custom marks to avoid this warning - for details, see https://docs.pytest.org/en/stable/how-to/mark.html
    @pytest.mark.slow

tests\integration\test_performance.py:268
  C:\Users\thang\Desktop\Agentic-AI\tests\integration\test_performance.py:268: PytestUnknownMarkWarning: Unknown pytest.mark.slow - is this a typo?  You can register custom marks to avoid this warning - for details, see https://docs.pytest.org/en/stable/how-to/mark.html
    @pytest.mark.slow

tests\integration\test_performance.py:291
  C:\Users\thang\Desktop\Agentic-AI\tests\integration\test_performance.py:291: PytestUnknownMarkWarning: Unknown pytest.mark.slow - is this a typo?  You can register custom marks to avoid this warning - for details, see https://docs.pytest.org/en/stable/how-to/mark.html
    @pytest.mark.slow

tests\integration\test_performance.py:319
  C:\Users\thang\Desktop\Agentic-AI\tests\integration\test_performance.py:319: PytestUnknownMarkWarning: Unknown pytest.mark.slow - is this a typo?  You can register custom marks to avoid this warning - for details, see https://docs.pytest.org/en/stable/how-to/mark.html
    @pytest.mark.slow

tests\integration\test_performance.py:369
  C:\Users\thang\Desktop\Agentic-AI\tests\integration\test_performance.py:369: PytestUnknownMarkWarning: Unknown pytest.mark.slow - is this a typo?  You can register custom marks to avoid this warning - for details, see https://docs.pytest.org/en/stable/how-to/mark.html
    @pytest.mark.slow

tests\integration\test_performance.py:450
  C:\Users\thang\Desktop\Agentic-AI\tests\integration\test_performance.py:450: PytestUnknownMarkWarning: Unknown pytest.mark.slow - is this a typo?  You can register custom marks to avoid this warning - for details, see https://docs.pytest.org/en/stable/how-to/mark.html
    @pytest.mark.slow

tests\integration\test_performance.py:470
  C:\Users\thang\Desktop\Agentic-AI\tests\integration\test_performance.py:470: PytestUnknownMarkWarning: Unknown pytest.mark.slow - is this a typo?  You can register custom marks to avoid this warning - for details, see https://docs.pytest.org/en/stable/how-to/mark.html
    @pytest.mark.slow

tests\integration\test_performance.py:515
  C:\Users\thang\Desktop\Agentic-AI\tests\integration\test_performance.py:515: PytestUnknownMarkWarning: Unknown pytest.mark.slow - is this a typo?  You can register custom marks to avoid this warning - for details, see https://docs.pytest.org/en/stable/how-to/mark.html
    @pytest.mark.slow

-- Docs: https://docs.pytest.org/en/stable/how-to/capture-warnings.html
=========================== short test summary info ===========================
FAILED tests/unit/test_circuit_breaker.py::TestCircuitBreaker::test_transient_failure_increments_count - TypeError: Logger._log() got an unexpected keyword argument 'server'
FAILED tests/unit/test_circuit_breaker.py::TestCircuitBreaker::test_opens_after_threshold - TypeError: Logger._log() got an unexpected keyword argument 'server'
FAILED tests/unit/test_circuit_breaker.py::TestCircuitBreaker::test_half_open_after_timeout - TypeError: Logger._log() got an unexpected keyword argument 'server'
FAILED tests/unit/test_circuit_breaker.py::TestCircuitBreaker::test_half_open_probe_failure - TypeError: Logger._log() got an unexpected keyword argument 'server'
FAILED tests/unit/test_circuit_breaker.py::TestCircuitBreaker::test_reset - TypeError: Logger._log() got an unexpected keyword argument 'server'
!!!!!!!!!!!!!!!!!!!!!!!!!! stopping after 5 failures !!!!!!!!!!!!!!!!!!!!!!!!!!
================= 5 failed, 853 passed, 23 warnings in 16.68s =================
